Archive member included because of file (symbol)

c:\Users\emmag\AppData\Roaming\Code\User\globalStorage\vexrobotics.vexcode\sdk\cpp\V5\V5_20240802_15_00_00/vexv5\libv5rt.a(v5_startup.c.obj)
                              (vexStartup)
c:\Users\emmag\AppData\Roaming\Code\User\globalStorage\vexrobotics.vexcode\sdk\cpp\V5\V5_20240802_15_00_00/vexv5\libv5rt.a(v5_util.c.obj)
                              c:\Users\emmag\AppData\Roaming\Code\User\globalStorage\vexrobotics.vexcode\sdk\cpp\V5\V5_20240802_15_00_00/vexv5\libv5rt.a(v5_startup.c.obj) (vexStdlibVersionLinked)
c:\Users\emmag\AppData\Roaming\Code\User\globalStorage\vexrobotics.vexcode\sdk\cpp\V5\V5_20240802_15_00_00/vexv5\libv5rt.a(v5_apijump.c.obj)
                              c:\Users\emmag\AppData\Roaming\Code\User\globalStorage\vexrobotics.vexcode\sdk\cpp\V5\V5_20240802_15_00_00/vexv5\libv5rt.a(v5_startup.c.obj) (vexPrivateApiEnable)
c:\Users\emmag\AppData\Roaming\Code\User\globalStorage\vexrobotics.vexcode\sdk\cpp\V5\V5_20240802_15_00_00/vexv5\libv5rt.a(v5_apiversions.c.obj)
                              c:\Users\emmag\AppData\Roaming\Code\User\globalStorage\vexrobotics.vexcode\sdk\cpp\V5\V5_20240802_15_00_00/vexv5\libv5rt.a(v5_apijump.c.obj) (vexSystemVersion)
c:\Users\emmag\AppData\Roaming\Code\User\globalStorage\vexrobotics.vexcode\sdk\cpp\V5\V5_20240802_15_00_00/vexv5\libv5rt.a(vex_global.cpp.obj)
                              build/src/Skills.o (vex::wait(double, vex::timeUnits))
c:\Users\emmag\AppData\Roaming\Code\User\globalStorage\vexrobotics.vexcode\sdk\cpp\V5\V5_20240802_15_00_00/vexv5\libv5rt.a(vex_motor.cpp.obj)
                              build/src/Skills.o (vex::motor::~motor())
c:\Users\emmag\AppData\Roaming\Code\User\globalStorage\vexrobotics.vexcode\sdk\cpp\V5\V5_20240802_15_00_00/vexv5\libv5rt.a(vex_imu.cpp.obj)
                              build/src/Skills.o (vex::inertial::~inertial())
c:\Users\emmag\AppData\Roaming\Code\User\globalStorage\vexrobotics.vexcode\sdk\cpp\V5\V5_20240802_15_00_00/vexv5\libv5rt.a(vex_controller.cpp.obj)
                              build/src/Skills.o (vex::controller::~controller())
c:\Users\emmag\AppData\Roaming\Code\User\globalStorage\vexrobotics.vexcode\sdk\cpp\V5\V5_20240802_15_00_00/vexv5\libv5rt.a(vex_thread.cpp.obj)
                              c:\Users\emmag\AppData\Roaming\Code\User\globalStorage\vexrobotics.vexcode\sdk\cpp\V5\V5_20240802_15_00_00/vexv5\libv5rt.a(vex_global.cpp.obj) (vex::this_thread::sleep_for(unsigned long))
c:\Users\emmag\AppData\Roaming\Code\User\globalStorage\vexrobotics.vexcode\sdk\cpp\V5\V5_20240802_15_00_00/vexv5\libv5rt.a(vex_event.cpp.obj)
                              c:\Users\emmag\AppData\Roaming\Code\User\globalStorage\vexrobotics.vexcode\sdk\cpp\V5\V5_20240802_15_00_00/vexv5\libv5rt.a(vex_imu.cpp.obj) (vex::event::init(unsigned long, unsigned long, void (*)()))
c:\Users\emmag\AppData\Roaming\Code\User\globalStorage\vexrobotics.vexcode\sdk\cpp\V5\V5_20240802_15_00_00/vexv5\libv5rt.a(vex_mevent.cpp.obj)
                              c:\Users\emmag\AppData\Roaming\Code\User\globalStorage\vexrobotics.vexcode\sdk\cpp\V5\V5_20240802_15_00_00/vexv5\libv5rt.a(vex_controller.cpp.obj) (vex::mevent::mevent(unsigned long, unsigned long))
c:\Users\emmag\AppData\Roaming\Code\User\globalStorage\vexrobotics.vexcode\sdk\cpp\V5\V5_20240802_15_00_00/vexv5\libv5rt.a(vex_brain.cpp.obj)
                              build/src/Skills.o (vex::brain::brain())
c:\Users\emmag\AppData\Roaming\Code\User\globalStorage\vexrobotics.vexcode\sdk\cpp\V5\V5_20240802_15_00_00/vexv5\libv5rt.a(vex_competition.cpp.obj)
                              build/src/Skills.o (vex::competition::competition())
c:\Users\emmag\AppData\Roaming\Code\User\globalStorage\vexrobotics.vexcode\sdk\cpp\V5\V5_20240802_15_00_00/vexv5\libv5rt.a(vex_triport.cpp.obj)
                              c:\Users\emmag\AppData\Roaming\Code\User\globalStorage\vexrobotics.vexcode\sdk\cpp\V5\V5_20240802_15_00_00/vexv5\libv5rt.a(vex_brain.cpp.obj) (vex::triport::~triport())
c:\Users\emmag\AppData\Roaming\Code\User\globalStorage\vexrobotics.vexcode\sdk\cpp\V5\V5_20240802_15_00_00/vexv5\libv5rt.a(vex_color.cpp.obj)
                              c:\Users\emmag\AppData\Roaming\Code\User\globalStorage\vexrobotics.vexcode\sdk\cpp\V5\V5_20240802_15_00_00/vexv5\libv5rt.a(vex_brain.cpp.obj) (vex::color::operator unsigned long() const)
c:\Users\emmag\AppData\Roaming\Code\User\globalStorage\vexrobotics.vexcode\sdk\cpp\V5\V5_20240802_15_00_00/vexv5\libv5rt.a(vex_timer.cpp.obj)
                              c:\Users\emmag\AppData\Roaming\Code\User\globalStorage\vexrobotics.vexcode\sdk\cpp\V5\V5_20240802_15_00_00/vexv5\libv5rt.a(vex_brain.cpp.obj) (vex::timer::~timer())
c:\Users\emmag\AppData\Roaming\Code\User\globalStorage\vexrobotics.vexcode\sdk\cpp\V5\V5_20240802_15_00_00/vexv5\libv5rt.a(vex_motorgroup.cpp.obj)
                              build/src/Skills.o (vex::motor_group::motor_group())
[...]
Memory Configuration

Name             Origin             Length             Attributes
ps7_ddr_0_S_AXI_BASEADDR 0x03800000         0x04800000
*default*        0x00000000         0xffffffff

Linker script and memory map

                0x00002000                _STACK_SIZE = DEFINED (_STACK_SIZE)?_STACK_SIZE:0x2000
                0x00100000                _HEAP_SIZE = DEFINED (_HEAP_SIZE)?_HEAP_SIZE:0x100000
                0x00000400                _ABORT_STACK_SIZE = DEFINED (_ABORT_STACK_SIZE)?_ABORT_STACK_SIZE:0x400
                0x00000800                _SUPERVISOR_STACK_SIZE = DEFINED (_SUPERVISOR_STACK_SIZE)?_SUPERVISOR_STACK_SIZE:0x800
                0x00000400                _IRQ_STACK_SIZE = DEFINED (_IRQ_STACK_SIZE)?_IRQ_STACK_SIZE:0x400
                0x00000400                _FIQ_STACK_SIZE = DEFINED (_FIQ_STACK_SIZE)?_FIQ_STACK_SIZE:0x400
                0x00000400                _UNDEF_STACK_SIZE = DEFINED (_UNDEF_STACK_SIZE)?_UNDEF_STACK_SIZE:0x400

.text           0x03800000     0x4880
 *(.vectors)
 *(.boot_data)
 .boot_data     0x03800000       0x20 c:\Users\emmag\AppData\Roaming\Code\User\globalStorage\vexrobotics.vexcode\sdk\cpp\V5\V5_20240802_15_00_00/vexv5\libv5rt.a(v5_startup.c.obj)
                0x03800000                vexCodeSig
                0x00000020                . = 0x20
 *(.boot)
 .boot          0x03800020       0xbc c:\Users\emmag\AppData\Roaming\Code\User\globalStorage\vexrobotics.vexcode\sdk\cpp\V5\V5_20240802_15_00_00/vexv5\libv5rt.a(v5_startup.c.obj)
                0x03800020                vexStartup
                0x03800100                . = ALIGN (0x40)
 *fill*         0x038000dc       0x24 
 *(.freertos_vectors)
 *(.text)
 *(.text.*)
 .text._Z9flapstartv
                0x03800100       0x78 build/src/Skills.o
                0x03800100                flapstart()
 .text._Z9pre_autonv
                0x03800178       0xd0 build/src/Skills.o
                0x03800178                pre_auton()
 .text._Z10autonomousv
                0x03800248      0x440 build/src/Skills.o
                0x03800248                autonomous()
 .text._Z11usercontrolv
                0x03800688       0x30 build/src/Skills.o
                0x03800688                usercontrol()
 .text.main     0x038006b8       0x68 build/src/Skills.o
                0x038006b8                main
 .text._GLOBAL__sub_I_Skills.cpp
                0x03800720      0x3bc build/src/Skills.o
 .text.vexMain  0x03800adc       0xb0 c:\Users\emmag\AppData\Roaming\Code\User\globalStorage\vexrobotics.vexcode\sdk\cpp\V5\V5_20240802_15_00_00/vexv5\libv5rt.a(v5_startup.c.obj)
                0x03800adc                vexMain
 .text.__vex_function_prolog
                0x03800b8c       0x18 c:\Users\emmag\AppData\Roaming\Code\User\globalStorage\vexrobotics.vexcode\sdk\cpp\V5\V5_20240802_15_00_00/vexv5\libv5rt.a(v5_startup.c.obj)
                0x03800b8c                __vex_function_prolog
 .text._init    0x03800ba4        0x4 c:\Users\emmag\AppData\Roaming\Code\User\globalStorage\vexrobotics.vexcode\sdk\cpp\V5\V5_20240802_15_00_00/vexv5\libv5rt.a(v5_startup.c.obj)
                0x03800ba4                _init
 .text._fini    0x03800ba8        0x4 c:\Users\emmag\AppData\Roaming\Code\User\globalStorage\vexrobotics.vexcode\sdk\cpp\V5\V5_20240802_15_00_00/vexv5\libv5rt.a(v5_startup.c.obj)
                0x03800ba8                _fini
 .text.vexStdlibVersionLinked
                0x03800bac        0xc c:\Users\emmag\AppData\Roaming\Code\User\globalStorage\vexrobotics.vexcode\sdk\cpp\V5\V5_20240802_15_00_00/vexv5\libv5rt.a(v5_util.c.obj)
                0x03800bac                vexStdlibVersionLinked
 .text.vexStdlibVersionVerify
                0x03800bb8       0x30 c:\Users\emmag\AppData\Roaming\Code\User\globalStorage\vexrobotics.vexcode\sdk\cpp\V5\V5_20240802_15_00_00/vexv5\libv5rt.a(v5_util.c.obj)
                0x03800bb8                vexStdlibVersionVerify
 .text.vexPrivateApiEnable
                0x03800be8       0x10 c:\Users\emmag\AppData\Roaming\Code\User\globalStorage\vexrobotics.vexcode\sdk\cpp\V5\V5_20240802_15_00_00/vexv5\libv5rt.a(v5_apijump.c.obj)
                0x03800be8                vexPrivateApiEnable
 .text.vexStdlibMismatchError
                0x03800bf8       0x3c c:\Users\emmag\AppData\Roaming\Code\User\globalStorage\vexrobotics.vexcode\sdk\cpp\V5\V5_20240802_15_00_00/vexv5\libv5rt.a(v5_apijump.c.obj)
                0x03800bf8                vexStdlibMismatchError
 .text.vexTaskAdd
                0x03800c34       0x10 c:\Users\emmag\AppData\Roaming\Code\User\globalStorage\vexrobotics.vexcode\sdk\cpp\V5\V5_20240802_15_00_00/vexv5\libv5rt.a(v5_apijump.c.obj)
                0x03800c34                vexTaskAdd
 .text.vexTasksRun
                0x03800c44       0x10 c:\Users\emmag\AppData\Roaming\Code\User\globalStorage\vexrobotics.vexcode\sdk\cpp\V5\V5_20240802_15_00_00/vexv5\libv5rt.a(v5_apijump.c.obj)
                0x03800c44                vexTasksRun
 .text.vexTaskYield
                0x03800c54       0x10 c:\Users\emmag\AppData\Roaming\Code\User\globalStorage\vexrobotics.vexcode\sdk\cpp\V5\V5_20240802_15_00_00/vexv5\libv5rt.a(v5_apijump.c.obj)
                0x03800c54                vexTaskYield
 .text.vexTaskCheckTimeslice
                0x03800c64       0x10 c:\Users\emmag\AppData\Roaming\Code\User\globalStorage\vexrobotics.vexcode\sdk\cpp\V5\V5_20240802_15_00_00/vexv5\libv5rt.a(v5_apijump.c.obj)
                0x03800c64                vexTaskCheckTimeslice
 .text.vexTaskSleep
                0x03800c74       0x10 c:\Users\emmag\AppData\Roaming\Code\User\globalStorage\vexrobotics.vexcode\sdk\cpp\V5\V5_20240802_15_00_00/vexv5\libv5rt.a(v5_apijump.c.obj)
                0x03800c74                vexTaskSleep
 .text.vexTasksDump
                0x03800c84       0x1c c:\Users\emmag\AppData\Roaming\Code\User\globalStorage\vexrobotics.vexcode\sdk\cpp\V5\V5_20240802_15_00_00/vexv5\libv5rt.a(v5_apijump.c.obj)
                0x03800c84                vexTasksDump
 .text.vexTaskStateGet
                0x03800ca0       0x10 c:\Users\emmag\AppData\Roaming\Code\User\globalStorage\vexrobotics.vexcode\sdk\cpp\V5\V5_20240802_15_00_00/vexv5\libv5rt.a(v5_apijump.c.obj)
                0x03800ca0                vexTaskStateGet
 .text.vexTaskGetTaskIndex
                0x03800cb0       0x10 c:\Users\emmag\AppData\Roaming\Code\User\globalStorage\vexrobotics.vexcode\sdk\cpp\V5\V5_20240802_15_00_00/vexv5\libv5rt.a(v5_apijump.c.obj)
                0x03800cb0                vexTaskGetTaskIndex
 .text.vexTaskStopAll
                0x03800cc0       0x10 c:\Users\emmag\AppData\Roaming\Code\User\globalStorage\vexrobotics.vexcode\sdk\cpp\V5\V5_20240802_15_00_00/vexv5\libv5rt.a(v5_apijump.c.obj)
                0x03800cc0                vexTaskStopAll
 .text.vexTaskRemoveAllUser
                0x03800cd0       0x34 c:\Users\emmag\AppData\Roaming\Code\User\globalStorage\vexrobotics.vexcode\sdk\cpp\V5\V5_20240802_15_00_00/vexv5\libv5rt.a(v5_apijump.c.obj)
                0x03800cd0                vexTaskRemoveAllUser
 .text.vexTaskCompletionIdSet
                0x03800d04       0x10 c:\Users\emmag\AppData\Roaming\Code\User\globalStorage\vexrobotics.vexcode\sdk\cpp\V5\V5_20240802_15_00_00/vexv5\libv5rt.a(v5_apijump.c.obj)
                0x03800d04                vexTaskCompletionIdSet
 .text.vexTaskAddWithArg
                0x03800d14       0x10 c:\Users\emmag\AppData\Roaming\Code\User\globalStorage\vexrobotics.vexcode\sdk\cpp\V5\V5_20240802_15_00_00/vexv5\libv5rt.a(v5_apijump.c.obj)
                0x03800d14                vexTaskAddWithArg
 .text.vexTaskStopWithId
                0x03800d24       0x10 c:\Users\emmag\AppData\Roaming\Code\User\globalStorage\vexrobotics.vexcode\sdk\cpp\V5\V5_20240802_15_00_00/vexv5\libv5rt.a(v5_apijump.c.obj)
                0x03800d24                vexTaskStopWithId
 .text.vexCriticalSection
                0x03800d34       0x2c c:\Users\emmag\AppData\Roaming\Code\User\globalStorage\vexrobotics.vexcode\sdk\cpp\V5\V5_20240802_15_00_00/vexv5\libv5rt.a(v5_apijump.c.obj)
                0x03800d34                vexCriticalSection
 .text.vexEventAdd
                0x03800d60       0x34 c:\Users\emmag\AppData\Roaming\Code\User\globalStorage\vexrobotics.vexcode\sdk\cpp\V5\V5_20240802_15_00_00/vexv5\libv5rt.a(v5_apijump.c.obj)
                0x03800d60                vexEventAdd
 .text.vexEventUserIndexGet
                0x03800d94       0x1c c:\Users\emmag\AppData\Roaming\Code\User\globalStorage\vexrobotics.vexcode\sdk\cpp\V5\V5_20240802_15_00_00/vexv5\libv5rt.a(v5_apijump.c.obj)
                0x03800d94                vexEventUserIndexGet
 .text.vexEventAddWithArg
                0x03800db0       0x3c c:\Users\emmag\AppData\Roaming\Code\User\globalStorage\vexrobotics.vexcode\sdk\cpp\V5\V5_20240802_15_00_00/vexv5\libv5rt.a(v5_apijump.c.obj)
                0x03800db0                vexEventAddWithArg
 .text.vexEventsCleanup
                0x03800dec       0x2c c:\Users\emmag\AppData\Roaming\Code\User\globalStorage\vexrobotics.vexcode\sdk\cpp\V5\V5_20240802_15_00_00/vexv5\libv5rt.a(v5_apijump.c.obj)
                0x03800dec                vexEventsCleanup
 .text.vexDebug
                0x03800e18       0x38 c:\Users\emmag\AppData\Roaming\Code\User\globalStorage\vexrobotics.vexcode\sdk\cpp\V5\V5_20240802_15_00_00/vexv5\libv5rt.a(v5_apijump.c.obj)
                0x03800e18                vexDebug
 .text.vex_sprintf
                0x03800e50       0x40 c:\Users\emmag\AppData\Roaming\Code\User\globalStorage\vexrobotics.vexcode\sdk\cpp\V5\V5_20240802_15_00_00/vexv5\libv5rt.a(v5_apijump.c.obj)
                0x03800e50                vex_sprintf
 .text.vex_vsnprintf
                0x03800e90       0x3c c:\Users\emmag\AppData\Roaming\Code\User\globalStorage\vexrobotics.vexcode\sdk\cpp\V5\V5_20240802_15_00_00/vexv5\libv5rt.a(v5_apijump.c.obj)
                0x03800e90                vex_vsnprintf
 .text.vexSystemTimeGet
                0x03800ecc       0x1c c:\Users\emmag\AppData\Roaming\Code\User\globalStorage\vexrobotics.vexcode\sdk\cpp\V5\V5_20240802_15_00_00/vexv5\libv5rt.a(v5_apijump.c.obj)
                0x03800ecc                vexSystemTimeGet
 .text.vexSystemExitRequest
                0x03800ee8       0x1c c:\Users\emmag\AppData\Roaming\Code\User\globalStorage\vexrobotics.vexcode\sdk\cpp\V5\V5_20240802_15_00_00/vexv5\libv5rt.a(v5_apijump.c.obj)
                0x03800ee8                vexSystemExitRequest
 .text.vexDeviceGetByIndex
                0x03800f04       0x24 c:\Users\emmag\AppData\Roaming\Code\User\globalStorage\vexrobotics.vexcode\sdk\cpp\V5\V5_20240802_15_00_00/vexv5\libv5rt.a(v5_apijump.c.obj)
                0x03800f04                vexDeviceGetByIndex
 .text.vexControllerTextSet
                0x03800f28       0x74 c:\Users\emmag\AppData\Roaming\Code\User\globalStorage\vexrobotics.vexcode\sdk\cpp\V5\V5_20240802_15_00_00/vexv5\libv5rt.a(v5_apijump.c.obj)
                0x03800f28                vexControllerTextSet
 .text.vexDeviceAdiPortConfigSet
                0x03800f9c       0x34 c:\Users\emmag\AppData\Roaming\Code\User\globalStorage\vexrobotics.vexcode\sdk\cpp\V5\V5_20240802_15_00_00/vexv5\libv5rt.a(v5_apijump.c.obj)
                0x03800f9c                vexDeviceAdiPortConfigSet
 .text.vexDeviceAdiPortConfigGet
                0x03800fd0       0x2c c:\Users\emmag\AppData\Roaming\Code\User\globalStorage\vexrobotics.vexcode\sdk\cpp\V5\V5_20240802_15_00_00/vexv5\libv5rt.a(v5_apijump.c.obj)
                0x03800fd0                vexDeviceAdiPortConfigGet
 .text.vexDeviceAdiValueSet
                0x03800ffc       0x34 c:\Users\emmag\AppData\Roaming\Code\User\globalStorage\vexrobotics.vexcode\sdk\cpp\V5\V5_20240802_15_00_00/vexv5\libv5rt.a(v5_apijump.c.obj)
                0x03800ffc                vexDeviceAdiValueSet
 .text.vexDeviceMotorVelocitySet
                0x03801030       0x2c c:\Users\emmag\AppData\Roaming\Code\User\globalStorage\vexrobotics.vexcode\sdk\cpp\V5\V5_20240802_15_00_00/vexv5\libv5rt.a(v5_apijump.c.obj)
                0x03801030                vexDeviceMotorVelocitySet
 .text.vexDeviceMotorVelocityGet
                0x0380105c       0x24 c:\Users\emmag\AppData\Roaming\Code\User\globalStorage\vexrobotics.vexcode\sdk\cpp\V5\V5_20240802_15_00_00/vexv5\libv5rt.a(v5_apijump.c.obj)
                0x0380105c                vexDeviceMotorVelocityGet
 .text.vexDeviceMotorActualVelocityGet
                0x03801080       0x24 c:\Users\emmag\AppData\Roaming\Code\User\globalStorage\vexrobotics.vexcode\sdk\cpp\V5\V5_20240802_15_00_00/vexv5\libv5rt.a(v5_apijump.c.obj)
                0x03801080                vexDeviceMotorActualVelocityGet
 .text.vexDeviceMotorModeGet
                0x038010a4       0x24 c:\Users\emmag\AppData\Roaming\Code\User\globalStorage\vexrobotics.vexcode\sdk\cpp\V5\V5_20240802_15_00_00/vexv5\libv5rt.a(v5_apijump.c.obj)
                0x038010a4                vexDeviceMotorModeGet
 .text.vexDeviceMotorZeroPositionFlagGet
                0x038010c8       0x24 c:\Users\emmag\AppData\Roaming\Code\User\globalStorage\vexrobotics.vexcode\sdk\cpp\V5\V5_20240802_15_00_00/vexv5\libv5rt.a(v5_apijump.c.obj)
                0x038010c8                vexDeviceMotorZeroPositionFlagGet
 .text.vexDeviceMotorReverseFlagSet
                0x038010ec       0x2c c:\Users\emmag\AppData\Roaming\Code\User\globalStorage\vexrobotics.vexcode\sdk\cpp\V5\V5_20240802_15_00_00/vexv5\libv5rt.a(v5_apijump.c.obj)
                0x038010ec                vexDeviceMotorReverseFlagSet
 .text.vexDeviceMotorEncoderUnitsSet
                0x03801118       0x2c c:\Users\emmag\AppData\Roaming\Code\User\globalStorage\vexrobotics.vexcode\sdk\cpp\V5\V5_20240802_15_00_00/vexv5\libv5rt.a(v5_apijump.c.obj)
                0x03801118                vexDeviceMotorEncoderUnitsSet
 .text.vexDeviceMotorBrakeModeSet
                0x03801144       0x2c c:\Users\emmag\AppData\Roaming\Code\User\globalStorage\vexrobotics.vexcode\sdk\cpp\V5\V5_20240802_15_00_00/vexv5\libv5rt.a(v5_apijump.c.obj)
                0x03801144                vexDeviceMotorBrakeModeSet
 .text.vexDeviceMotorPositionSet
                0x03801170       0x34 c:\Users\emmag\AppData\Roaming\Code\User\globalStorage\vexrobotics.vexcode\sdk\cpp\V5\V5_20240802_15_00_00/vexv5\libv5rt.a(v5_apijump.c.obj)
                0x03801170                vexDeviceMotorPositionSet
 .text.vexDeviceMotorAbsoluteTargetSet
                0x038011a4       0x3c c:\Users\emmag\AppData\Roaming\Code\User\globalStorage\vexrobotics.vexcode\sdk\cpp\V5\V5_20240802_15_00_00/vexv5\libv5rt.a(v5_apijump.c.obj)
                0x038011a4                vexDeviceMotorAbsoluteTargetSet
 .text.vexDeviceMotorRelativeTargetSet
                0x038011e0       0x3c c:\Users\emmag\AppData\Roaming\Code\User\globalStorage\vexrobotics.vexcode\sdk\cpp\V5\V5_20240802_15_00_00/vexv5\libv5rt.a(v5_apijump.c.obj)
                0x038011e0                vexDeviceMotorRelativeTargetSet
 .text.vexDeviceMotorGearingSet
                0x0380121c       0x2c c:\Users\emmag\AppData\Roaming\Code\User\globalStorage\vexrobotics.vexcode\sdk\cpp\V5\V5_20240802_15_00_00/vexv5\libv5rt.a(v5_apijump.c.obj)
                0x0380121c                vexDeviceMotorGearingSet
 .text.vexDeviceMotorGearingGet
                0x03801248       0x24 c:\Users\emmag\AppData\Roaming\Code\User\globalStorage\vexrobotics.vexcode\sdk\cpp\V5\V5_20240802_15_00_00/vexv5\libv5rt.a(v5_apijump.c.obj)
                0x03801248                vexDeviceMotorGearingGet
 .text.vexDeviceImuReset
                0x0380126c       0x24 c:\Users\emmag\AppData\Roaming\Code\User\globalStorage\vexrobotics.vexcode\sdk\cpp\V5\V5_20240802_15_00_00/vexv5\libv5rt.a(v5_apijump.c.obj)
                0x0380126c                vexDeviceImuReset
 .text.vexDeviceImuHeadingGet
                0x03801290       0x24 c:\Users\emmag\AppData\Roaming\Code\User\globalStorage\vexrobotics.vexcode\sdk\cpp\V5\V5_20240802_15_00_00/vexv5\libv5rt.a(v5_apijump.c.obj)
                0x03801290                vexDeviceImuHeadingGet
 .text.vexDeviceImuDegreesGet
                0x038012b4       0x24 c:\Users\emmag\AppData\Roaming\Code\User\globalStorage\vexrobotics.vexcode\sdk\cpp\V5\V5_20240802_15_00_00/vexv5\libv5rt.a(v5_apijump.c.obj)
                0x038012b4                vexDeviceImuDegreesGet
 .text.vexDeviceImuStatusGet
                0x038012d8       0x24 c:\Users\emmag\AppData\Roaming\Code\User\globalStorage\vexrobotics.vexcode\sdk\cpp\V5\V5_20240802_15_00_00/vexv5\libv5rt.a(v5_apijump.c.obj)
                0x038012d8                vexDeviceImuStatusGet
 .text.vexDisplayForegroundColor
                0x038012fc       0x24 c:\Users\emmag\AppData\Roaming\Code\User\globalStorage\vexrobotics.vexcode\sdk\cpp\V5\V5_20240802_15_00_00/vexv5\libv5rt.a(v5_apijump.c.obj)
                0x038012fc                vexDisplayForegroundColor
 .text.vexDisplayBackgroundColor
                0x03801320       0x24 c:\Users\emmag\AppData\Roaming\Code\User\globalStorage\vexrobotics.vexcode\sdk\cpp\V5\V5_20240802_15_00_00/vexv5\libv5rt.a(v5_apijump.c.obj)
                0x03801320                vexDisplayBackgroundColor
 .text.vexDisplayBackgroundColorGet
                0x03801344       0x1c c:\Users\emmag\AppData\Roaming\Code\User\globalStorage\vexrobotics.vexcode\sdk\cpp\V5\V5_20240802_15_00_00/vexv5\libv5rt.a(v5_apijump.c.obj)
                0x03801344                vexDisplayBackgroundColorGet
 .text.vexDisplayRectClear
                0x03801360       0x4c c:\Users\emmag\AppData\Roaming\Code\User\globalStorage\vexrobotics.vexcode\sdk\cpp\V5\V5_20240802_15_00_00/vexv5\libv5rt.a(v5_apijump.c.obj)
                0x03801360                vexDisplayRectClear
 .text.vexDisplayVPrintf
                0x038013ac       0x50 c:\Users\emmag\AppData\Roaming\Code\User\globalStorage\vexrobotics.vexcode\sdk\cpp\V5\V5_20240802_15_00_00/vexv5\libv5rt.a(v5_apijump.c.obj)
                0x038013ac                vexDisplayVPrintf
 .text.vexDisplayTextReference
                0x038013fc       0x24 c:\Users\emmag\AppData\Roaming\Code\User\globalStorage\vexrobotics.vexcode\sdk\cpp\V5\V5_20240802_15_00_00/vexv5\libv5rt.a(v5_apijump.c.obj)
                0x038013fc                vexDisplayTextReference
 .text.vexDisplayTextSize
                0x03801420       0x2c c:\Users\emmag\AppData\Roaming\Code\User\globalStorage\vexrobotics.vexcode\sdk\cpp\V5\V5_20240802_15_00_00/vexv5\libv5rt.a(v5_apijump.c.obj)
                0x03801420                vexDisplayTextSize
 .text.vexDisplayFontNamedSet
                0x0380144c       0x24 c:\Users\emmag\AppData\Roaming\Code\User\globalStorage\vexrobotics.vexcode\sdk\cpp\V5\V5_20240802_15_00_00/vexv5\libv5rt.a(v5_apijump.c.obj)
                0x0380144c                vexDisplayFontNamedSet
 .text.vexDisplayStringWidthGet
                0x03801470       0x24 c:\Users\emmag\AppData\Roaming\Code\User\globalStorage\vexrobotics.vexcode\sdk\cpp\V5\V5_20240802_15_00_00/vexv5\libv5rt.a(v5_apijump.c.obj)
                0x03801470                vexDisplayStringWidthGet
 .text.vexSystemStdlibImpureDataAddr
                0x03801494       0x28 c:\Users\emmag\AppData\Roaming\Code\User\globalStorage\vexrobotics.vexcode\sdk\cpp\V5\V5_20240802_15_00_00/vexv5\libv5rt.a(v5_apijump.c.obj)
                0x03801494                vexSystemStdlibImpureDataAddr
 .text.vexSystemStdlibImpureDataSize
                0x038014bc       0x28 c:\Users\emmag\AppData\Roaming\Code\User\globalStorage\vexrobotics.vexcode\sdk\cpp\V5\V5_20240802_15_00_00/vexv5\libv5rt.a(v5_apijump.c.obj)
                0x038014bc                vexSystemStdlibImpureDataSize
 .text.vexSystemSaveUserData
                0x038014e4       0x3c c:\Users\emmag\AppData\Roaming\Code\User\globalStorage\vexrobotics.vexcode\sdk\cpp\V5\V5_20240802_15_00_00/vexv5\libv5rt.a(v5_apijump.c.obj)
                0x038014e4                vexSystemSaveUserData
 .text.vexDisplayThemeIdGet
                0x03801520       0x38 c:\Users\emmag\AppData\Roaming\Code\User\globalStorage\vexrobotics.vexcode\sdk\cpp\V5\V5_20240802_15_00_00/vexv5\libv5rt.a(v5_apijump.c.obj)
                0x03801520                vexDisplayThemeIdGet
 .text.vexDeviceEventMaskSet
                0x03801558       0x48 c:\Users\emmag\AppData\Roaming\Code\User\globalStorage\vexrobotics.vexcode\sdk\cpp\V5\V5_20240802_15_00_00/vexv5\libv5rt.a(v5_apijump.c.obj)
                0x03801558                vexDeviceEventMaskSet
 .text.vexDeviceEventMaskGet
                0x038015a0       0x3c c:\Users\emmag\AppData\Roaming\Code\User\globalStorage\vexrobotics.vexcode\sdk\cpp\V5\V5_20240802_15_00_00/vexv5\libv5rt.a(v5_apijump.c.obj)
                0x038015a0                vexDeviceEventMaskGet
 .text.vexSystemVersion
                0x038015dc       0x10 c:\Users\emmag\AppData\Roaming\Code\User\globalStorage\vexrobotics.vexcode\sdk\cpp\V5\V5_20240802_15_00_00/vexv5\libv5rt.a(v5_apiversions.c.obj)
                0x038015dc                vexSystemVersion
 .text.vexStdlibVersion
                0x038015ec       0x10 c:\Users\emmag\AppData\Roaming\Code\User\globalStorage\vexrobotics.vexcode\sdk\cpp\V5\V5_20240802_15_00_00/vexv5\libv5rt.a(v5_apiversions.c.obj)
                0x038015ec                vexStdlibVersion
 *fill*         0x038015fc        0x4 
 .text._ZN3vex4waitEdNS_9timeUnitsE
                0x03801600       0x30 c:\Users\emmag\AppData\Roaming\Code\User\globalStorage\vexrobotics.vexcode\sdk\cpp\V5\V5_20240802_15_00_00/vexv5\libv5rt.a(vex_global.cpp.obj)
                0x03801600                vex::wait(double, vex::timeUnits)
 .text._ZN3vex5motorD2Ev
                0x03801630       0x20 c:\Users\emmag\AppData\Roaming\Code\User\globalStorage\vexrobotics.vexcode\sdk\cpp\V5\V5_20240802_15_00_00/vexv5\libv5rt.a(vex_motor.cpp.obj)
                0x03801630                vex::motor::~motor()
                0x03801630                vex::motor::~motor()
 .text._ZN3vex5motorD0Ev
                0x03801650       0x1c c:\Users\emmag\AppData\Roaming\Code\User\globalStorage\vexrobotics.vexcode\sdk\cpp\V5\V5_20240802_15_00_00/vexv5\libv5rt.a(vex_motor.cpp.obj)
                0x03801650                vex::motor::~motor()
 .text._ZN3vex5motor9installedEv
                0x0380166c       0x18 c:\Users\emmag\AppData\Roaming\Code\User\globalStorage\vexrobotics.vexcode\sdk\cpp\V5\V5_20240802_15_00_00/vexv5\libv5rt.a(vex_motor.cpp.obj)
                0x0380166c                vex::motor::installed()
 .text._ZN3vex5motor15defaultStoppingENS_9brakeTypeE
                0x03801684       0x30 c:\Users\emmag\AppData\Roaming\Code\User\globalStorage\vexrobotics.vexcode\sdk\cpp\V5\V5_20240802_15_00_00/vexv5\libv5rt.a(vex_motor.cpp.obj)
                0x03801684                vex::motor::defaultStopping(vex::brakeType)
 .text._ZN3vex5motorC2El
                0x038016b4       0x78 c:\Users\emmag\AppData\Roaming\Code\User\globalStorage\vexrobotics.vexcode\sdk\cpp\V5\V5_20240802_15_00_00/vexv5\libv5rt.a(vex_motor.cpp.obj)
                0x038016b4                vex::motor::motor(long)
                0x038016b4                vex::motor::motor(long)
 .text._ZN3vex5motorC2ElNS_11gearSettingEb
                0x0380172c       0x34 c:\Users\emmag\AppData\Roaming\Code\User\globalStorage\vexrobotics.vexcode\sdk\cpp\V5\V5_20240802_15_00_00/vexv5\libv5rt.a(vex_motor.cpp.obj)
                0x0380172c                vex::motor::motor(long, vex::gearSetting, bool)
                0x0380172c                vex::motor::motor(long, vex::gearSetting, bool)
 .text._ZN3vex5motor14isSpinningModeEv
                0x03801760       0x48 c:\Users\emmag\AppData\Roaming\Code\User\globalStorage\vexrobotics.vexcode\sdk\cpp\V5\V5_20240802_15_00_00/vexv5\libv5rt.a(vex_motor.cpp.obj)
                0x03801760                vex::motor::isSpinningMode()
 .text._ZN3vex5motor10isSpinningEv
                0x038017a8       0x44 c:\Users\emmag\AppData\Roaming\Code\User\globalStorage\vexrobotics.vexcode\sdk\cpp\V5\V5_20240802_15_00_00/vexv5\libv5rt.a(vex_motor.cpp.obj)
                0x038017a8                vex::motor::isSpinning()
 .text._ZN3vex5motor4stopENS_9brakeTypeE
                0x038017ec       0x30 c:\Users\emmag\AppData\Roaming\Code\User\globalStorage\vexrobotics.vexcode\sdk\cpp\V5\V5_20240802_15_00_00/vexv5\libv5rt.a(vex_motor.cpp.obj)
                0x038017ec                vex::motor::stop(vex::brakeType)
 .text._ZN3vex5motor4stopEv
                0x0380181c        0x8 c:\Users\emmag\AppData\Roaming\Code\User\globalStorage\vexrobotics.vexcode\sdk\cpp\V5\V5_20240802_15_00_00/vexv5\libv5rt.a(vex_motor.cpp.obj)
                0x0380181c                vex::motor::stop()
 .text._ZN3vex5motor16velocityToScaledEdNS_13velocityUnitsE
                0x03801824       0x5c c:\Users\emmag\AppData\Roaming\Code\User\globalStorage\vexrobotics.vexcode\sdk\cpp\V5\V5_20240802_15_00_00/vexv5\libv5rt.a(vex_motor.cpp.obj)
                0x03801824                vex::motor::velocityToScaled(double, vex::velocityUnits)
 .text._ZN3vex5motor8velocityENS_13velocityUnitsE
                0x03801880       0x30 c:\Users\emmag\AppData\Roaming\Code\User\globalStorage\vexrobotics.vexcode\sdk\cpp\V5\V5_20240802_15_00_00/vexv5\libv5rt.a(vex_motor.cpp.obj)
                0x03801880                vex::motor::velocity(vex::velocityUnits)
 .text._ZN3vex5motor5valueEv
                0x038018b0       0x1c c:\Users\emmag\AppData\Roaming\Code\User\globalStorage\vexrobotics.vexcode\sdk\cpp\V5\V5_20240802_15_00_00/vexv5\libv5rt.a(vex_motor.cpp.obj)
                0x038018b0                vex::motor::value()
 .text._ZN3vex5motor16scaledToVelocityEdNS_13velocityUnitsE
                0x038018cc       0xa4 c:\Users\emmag\AppData\Roaming\Code\User\globalStorage\vexrobotics.vexcode\sdk\cpp\V5\V5_20240802_15_00_00/vexv5\libv5rt.a(vex_motor.cpp.obj)
                0x038018cc                vex::motor::scaledToVelocity(double, vex::velocityUnits)
 .text._ZN3vex5motor4spinENS_13directionTypeEdNS_13velocityUnitsE
                0x03801970       0x5c c:\Users\emmag\AppData\Roaming\Code\User\globalStorage\vexrobotics.vexcode\sdk\cpp\V5\V5_20240802_15_00_00/vexv5\libv5rt.a(vex_motor.cpp.obj)
                0x03801970                vex::motor::spin(vex::directionType, double, vex::velocityUnits)
 .text._ZN3vex5motor4spinENS_13directionTypeE
                0x038019cc       0x28 c:\Users\emmag\AppData\Roaming\Code\User\globalStorage\vexrobotics.vexcode\sdk\cpp\V5\V5_20240802_15_00_00/vexv5\libv5rt.a(vex_motor.cpp.obj)
                0x038019cc                vex::motor::spin(vex::directionType)
 .text._ZN3vex5motor11setVelocityEdNS_13velocityUnitsE
                0x038019f4       0x54 c:\Users\emmag\AppData\Roaming\Code\User\globalStorage\vexrobotics.vexcode\sdk\cpp\V5\V5_20240802_15_00_00/vexv5\libv5rt.a(vex_motor.cpp.obj)
                0x038019f4                vex::motor::setVelocity(double, vex::velocityUnits)
 .text._ZN3vex5motor16setRotationUnitsENS_13rotationUnitsE
                0x03801a48       0x1c c:\Users\emmag\AppData\Roaming\Code\User\globalStorage\vexrobotics.vexcode\sdk\cpp\V5\V5_20240802_15_00_00/vexv5\libv5rt.a(vex_motor.cpp.obj)
                0x03801a48                vex::motor::setRotationUnits(vex::rotationUnits)
 .text._ZN3vex5motor11setPositionEdNS_13rotationUnitsE
                0x03801a64       0x44 c:\Users\emmag\AppData\Roaming\Code\User\globalStorage\vexrobotics.vexcode\sdk\cpp\V5\V5_20240802_15_00_00/vexv5\libv5rt.a(vex_motor.cpp.obj)
                0x03801a64                vex::motor::setPosition(double, vex::rotationUnits)
 .text._ZN3vex5motor13resetPositionEv
                0x03801aa8       0x20 c:\Users\emmag\AppData\Roaming\Code\User\globalStorage\vexrobotics.vexcode\sdk\cpp\V5\V5_20240802_15_00_00/vexv5\libv5rt.a(vex_motor.cpp.obj)
                0x03801aa8                vex::motor::resetPosition()
 .text._ZN3vex5motor6spinToEdNS_13rotationUnitsEdNS_13velocityUnitsEb
                0x03801ac8       0xe0 c:\Users\emmag\AppData\Roaming\Code\User\globalStorage\vexrobotics.vexcode\sdk\cpp\V5\V5_20240802_15_00_00/vexv5\libv5rt.a(vex_motor.cpp.obj)
                0x03801ac8                vex::motor::spinTo(double, vex::rotationUnits, double, vex::velocityUnits, bool)
 .text._ZN3vex5motor6spinToEdNS_13rotationUnitsEb
                0x03801ba8       0x34 c:\Users\emmag\AppData\Roaming\Code\User\globalStorage\vexrobotics.vexcode\sdk\cpp\V5\V5_20240802_15_00_00/vexv5\libv5rt.a(vex_motor.cpp.obj)
                0x03801ba8                vex::motor::spinTo(double, vex::rotationUnits, bool)
 .text._ZN3vex5motor7spinForEdNS_13rotationUnitsEdNS_13velocityUnitsEb
                0x03801bdc       0xf4 c:\Users\emmag\AppData\Roaming\Code\User\globalStorage\vexrobotics.vexcode\sdk\cpp\V5\V5_20240802_15_00_00/vexv5\libv5rt.a(vex_motor.cpp.obj)
                0x03801bdc                vex::motor::spinFor(double, vex::rotationUnits, double, vex::velocityUnits, bool)
 .text._ZN3vex5motor7spinForENS_13directionTypeEdNS_13rotationUnitsEdNS_13velocityUnitsEb
                0x03801cd0       0x34 c:\Users\emmag\AppData\Roaming\Code\User\globalStorage\vexrobotics.vexcode\sdk\cpp\V5\V5_20240802_15_00_00/vexv5\libv5rt.a(vex_motor.cpp.obj)
                0x03801cd0                vex::motor::spinFor(vex::directionType, double, vex::rotationUnits, double, vex::velocityUnits, bool)
 .text._ZN3vex5motor7spinForENS_13directionTypeEdNS_13rotationUnitsEb
                0x03801d04       0x3c c:\Users\emmag\AppData\Roaming\Code\User\globalStorage\vexrobotics.vexcode\sdk\cpp\V5\V5_20240802_15_00_00/vexv5\libv5rt.a(vex_motor.cpp.obj)
                0x03801d04                vex::motor::spinFor(vex::directionType, double, vex::rotationUnits, bool)
 .text._ZN3vex8inertial11getTurnTypeEv
                0x03801d40        0x8 c:\Users\emmag\AppData\Roaming\Code\User\globalStorage\vexrobotics.vexcode\sdk\cpp\V5\V5_20240802_15_00_00/vexv5\libv5rt.a(vex_imu.cpp.obj)
                0x03801d40                vex::inertial::getTurnType()
 .text._ZThn16_N3vex8inertial11getTurnTypeEv
                0x03801d48        0x8 c:\Users\emmag\AppData\Roaming\Code\User\globalStorage\vexrobotics.vexcode\sdk\cpp\V5\V5_20240802_15_00_00/vexv5\libv5rt.a(vex_imu.cpp.obj)
                0x03801d48                non-virtual thunk to vex::inertial::getTurnType()
 .text._ZN3vex8inertial10setHeadingEdNS_13rotationUnitsE
                0x03801d50       0x58 c:\Users\emmag\AppData\Roaming\Code\User\globalStorage\vexrobotics.vexcode\sdk\cpp\V5\V5_20240802_15_00_00/vexv5\libv5rt.a(vex_imu.cpp.obj)
                0x03801d50                vex::inertial::setHeading(double, vex::rotationUnits)
 .text._ZThn16_N3vex8inertial10setHeadingEdNS_13rotationUnitsE
                0x03801da8        0x8 c:\Users\emmag\AppData\Roaming\Code\User\globalStorage\vexrobotics.vexcode\sdk\cpp\V5\V5_20240802_15_00_00/vexv5\libv5rt.a(vex_imu.cpp.obj)
                0x03801da8                non-virtual thunk to vex::inertial::setHeading(double, vex::rotationUnits)
 .text._ZN3vex8inertial11setRotationEdNS_13rotationUnitsE
                0x03801db0       0x58 c:\Users\emmag\AppData\Roaming\Code\User\globalStorage\vexrobotics.vexcode\sdk\cpp\V5\V5_20240802_15_00_00/vexv5\libv5rt.a(vex_imu.cpp.obj)
                0x03801db0                vex::inertial::setRotation(double, vex::rotationUnits)
 .text._ZThn16_N3vex8inertial11setRotationEdNS_13rotationUnitsE
                0x03801e08        0x8 c:\Users\emmag\AppData\Roaming\Code\User\globalStorage\vexrobotics.vexcode\sdk\cpp\V5\V5_20240802_15_00_00/vexv5\libv5rt.a(vex_imu.cpp.obj)
                0x03801e08                non-virtual thunk to vex::inertial::setRotation(double, vex::rotationUnits)
 .text._ZN3vex8inertialD2Ev
                0x03801e10       0x20 c:\Users\emmag\AppData\Roaming\Code\User\globalStorage\vexrobotics.vexcode\sdk\cpp\V5\V5_20240802_15_00_00/vexv5\libv5rt.a(vex_imu.cpp.obj)
                0x03801e10                vex::inertial::~inertial()
                0x03801e10                vex::inertial::~inertial()
 .text._ZThn16_N3vex8inertialD1Ev
                0x03801e30        0x8 c:\Users\emmag\AppData\Roaming\Code\User\globalStorage\vexrobotics.vexcode\sdk\cpp\V5\V5_20240802_15_00_00/vexv5\libv5rt.a(vex_imu.cpp.obj)
                0x03801e30                non-virtual thunk to vex::inertial::~inertial()
 .text._ZN3vex8inertialD0Ev
                0x03801e38       0x1c c:\Users\emmag\AppData\Roaming\Code\User\globalStorage\vexrobotics.vexcode\sdk\cpp\V5\V5_20240802_15_00_00/vexv5\libv5rt.a(vex_imu.cpp.obj)
                0x03801e38                vex::inertial::~inertial()
 .text._ZThn16_N3vex8inertialD0Ev
                0x03801e54        0x8 c:\Users\emmag\AppData\Roaming\Code\User\globalStorage\vexrobotics.vexcode\sdk\cpp\V5\V5_20240802_15_00_00/vexv5\libv5rt.a(vex_imu.cpp.obj)
                0x03801e54                non-virtual thunk to vex::inertial::~inertial()
 .text._ZN3vex8inertial9installedEv
                0x03801e5c       0x18 c:\Users\emmag\AppData\Roaming\Code\User\globalStorage\vexrobotics.vexcode\sdk\cpp\V5\V5_20240802_15_00_00/vexv5\libv5rt.a(vex_imu.cpp.obj)
                0x03801e5c                vex::inertial::installed()
 .text._ZN3vex8inertial5angleENS_13rotationUnitsE
                0x03801e74       0x6c c:\Users\emmag\AppData\Roaming\Code\User\globalStorage\vexrobotics.vexcode\sdk\cpp\V5\V5_20240802_15_00_00/vexv5\libv5rt.a(vex_imu.cpp.obj)
                0x03801e74                vex::inertial::angle(vex::rotationUnits)
 .text._ZThn16_N3vex8inertial5angleENS_13rotationUnitsE
                0x03801ee0        0x8 c:\Users\emmag\AppData\Roaming\Code\User\globalStorage\vexrobotics.vexcode\sdk\cpp\V5\V5_20240802_15_00_00/vexv5\libv5rt.a(vex_imu.cpp.obj)
                0x03801ee0                non-virtual thunk to vex::inertial::angle(vex::rotationUnits)
 .text._ZN3vex8inertial7headingENS_13rotationUnitsE
                0x03801ee8        0x4 c:\Users\emmag\AppData\Roaming\Code\User\globalStorage\vexrobotics.vexcode\sdk\cpp\V5\V5_20240802_15_00_00/vexv5\libv5rt.a(vex_imu.cpp.obj)
                0x03801ee8                vex::inertial::heading(vex::rotationUnits)
 .text._ZThn16_N3vex8inertial7headingENS_13rotationUnitsE
                0x03801eec        0x8 c:\Users\emmag\AppData\Roaming\Code\User\globalStorage\vexrobotics.vexcode\sdk\cpp\V5\V5_20240802_15_00_00/vexv5\libv5rt.a(vex_imu.cpp.obj)
                0x03801eec                non-virtual thunk to vex::inertial::heading(vex::rotationUnits)
 .text._ZN3vex8inertial5valueEv
                0x03801ef4       0x1c c:\Users\emmag\AppData\Roaming\Code\User\globalStorage\vexrobotics.vexcode\sdk\cpp\V5\V5_20240802_15_00_00/vexv5\libv5rt.a(vex_imu.cpp.obj)
                0x03801ef4                vex::inertial::value()
 .text._ZN3vex8inertial8rotationENS_13rotationUnitsE
                0x03801f10       0x48 c:\Users\emmag\AppData\Roaming\Code\User\globalStorage\vexrobotics.vexcode\sdk\cpp\V5\V5_20240802_15_00_00/vexv5\libv5rt.a(vex_imu.cpp.obj)
                0x03801f10                vex::inertial::rotation(vex::rotationUnits)
 .text._ZThn16_N3vex8inertial8rotationENS_13rotationUnitsE
                0x03801f58        0x8 c:\Users\emmag\AppData\Roaming\Code\User\globalStorage\vexrobotics.vexcode\sdk\cpp\V5\V5_20240802_15_00_00/vexv5\libv5rt.a(vex_imu.cpp.obj)
                0x03801f58                non-virtual thunk to vex::inertial::rotation(vex::rotationUnits)
 .text._ZN3vex8inertial13isCalibratingEv
                0x03801f60       0x38 c:\Users\emmag\AppData\Roaming\Code\User\globalStorage\vexrobotics.vexcode\sdk\cpp\V5\V5_20240802_15_00_00/vexv5\libv5rt.a(vex_imu.cpp.obj)
                0x03801f60                vex::inertial::isCalibrating()
 .text._ZThn16_N3vex8inertial13isCalibratingEv
                0x03801f98        0x8 c:\Users\emmag\AppData\Roaming\Code\User\globalStorage\vexrobotics.vexcode\sdk\cpp\V5\V5_20240802_15_00_00/vexv5\libv5rt.a(vex_imu.cpp.obj)
                0x03801f98                non-virtual thunk to vex::inertial::isCalibrating()
 .text._ZN3vex8inertialC2ElNS_8turnTypeE
                0x03801fa0       0x4c c:\Users\emmag\AppData\Roaming\Code\User\globalStorage\vexrobotics.vexcode\sdk\cpp\V5\V5_20240802_15_00_00/vexv5\libv5rt.a(vex_imu.cpp.obj)
                0x03801fa0                vex::inertial::inertial(long, vex::turnType)
                0x03801fa0                vex::inertial::inertial(long, vex::turnType)
 .text._ZN3vex8inertial16startCalibrationEl
                0x03801fec       0x20 c:\Users\emmag\AppData\Roaming\Code\User\globalStorage\vexrobotics.vexcode\sdk\cpp\V5\V5_20240802_15_00_00/vexv5\libv5rt.a(vex_imu.cpp.obj)
                0x03801fec                vex::inertial::startCalibration(long)
 .text._ZN3vex8inertial9calibrateEl
                0x0380200c        0xc c:\Users\emmag\AppData\Roaming\Code\User\globalStorage\vexrobotics.vexcode\sdk\cpp\V5\V5_20240802_15_00_00/vexv5\libv5rt.a(vex_imu.cpp.obj)
                0x0380200c                vex::inertial::calibrate(long)
                0x03802010                non-virtual thunk to vex::inertial::calibrate(long)
 .text._ZN3vex10controllerD2Ev
                0x03802018        0x4 c:\Users\emmag\AppData\Roaming\Code\User\globalStorage\vexrobotics.vexcode\sdk\cpp\V5\V5_20240802_15_00_00/vexv5\libv5rt.a(vex_controller.cpp.obj)
                0x03802018                vex::controller::~controller()
                0x03802018                vex::controller::~controller()
 .text._ZNK3vex10controller6button21_buttonToPressedEventEv
                0x0380201c       0x20 c:\Users\emmag\AppData\Roaming\Code\User\globalStorage\vexrobotics.vexcode\sdk\cpp\V5\V5_20240802_15_00_00/vexv5\libv5rt.a(vex_controller.cpp.obj)
                0x0380201c                vex::controller::button::_buttonToPressedEvent() const
 .text._ZNK3vex10controller6button22_buttonToReleasedEventEv
                0x0380203c       0x20 c:\Users\emmag\AppData\Roaming\Code\User\globalStorage\vexrobotics.vexcode\sdk\cpp\V5\V5_20240802_15_00_00/vexv5\libv5rt.a(vex_controller.cpp.obj)
                0x0380203c                vex::controller::button::_buttonToReleasedEvent() const
 .text._ZN3vex10controller6buttonC2ENS0_11tButtonTypeEPS0_
                0x0380205c       0x48 c:\Users\emmag\AppData\Roaming\Code\User\globalStorage\vexrobotics.vexcode\sdk\cpp\V5\V5_20240802_15_00_00/vexv5\libv5rt.a(vex_controller.cpp.obj)
                0x0380205c                vex::controller::button::button(vex::controller::tButtonType, vex::controller*)
                0x0380205c                vex::controller::button::button(vex::controller::tButtonType, vex::controller*)
 .text._ZNK3vex10controller4axis23_joystickToChangedEventEv
                0x038020a4       0x20 c:\Users\emmag\AppData\Roaming\Code\User\globalStorage\vexrobotics.vexcode\sdk\cpp\V5\V5_20240802_15_00_00/vexv5\libv5rt.a(vex_controller.cpp.obj)
                0x038020a4                vex::controller::axis::_joystickToChangedEvent() const
 .text._ZN3vex10controller4axisC2ENS0_9tAxisTypeEPS0_
                0x038020c4       0x2c c:\Users\emmag\AppData\Roaming\Code\User\globalStorage\vexrobotics.vexcode\sdk\cpp\V5\V5_20240802_15_00_00/vexv5\libv5rt.a(vex_controller.cpp.obj)
                0x038020c4                vex::controller::axis::axis(vex::controller::tAxisType, vex::controller*)
                0x038020c4                vex::controller::axis::axis(vex::controller::tAxisType, vex::controller*)
 .text._ZN3vex10controllerC2ENS_14controllerTypeE
                0x038020f0      0x16c c:\Users\emmag\AppData\Roaming\Code\User\globalStorage\vexrobotics.vexcode\sdk\cpp\V5\V5_20240802_15_00_00/vexv5\libv5rt.a(vex_controller.cpp.obj)
                0x038020f0                vex::controller::controller(vex::controllerType)
                0x038020f0                vex::controller::controller(vex::controllerType)
 .text._ZN3vex10controller3lcd15getControllerIdEv
                0x0380225c       0x10 c:\Users\emmag\AppData\Roaming\Code\User\globalStorage\vexrobotics.vexcode\sdk\cpp\V5\V5_20240802_15_00_00/vexv5\libv5rt.a(vex_controller.cpp.obj)
                0x0380225c                vex::controller::lcd::getControllerId()
 .text._ZN3vex10controller3lcd5printEPKcz
                0x0380226c       0x80 c:\Users\emmag\AppData\Roaming\Code\User\globalStorage\vexrobotics.vexcode\sdk\cpp\V5\V5_20240802_15_00_00/vexv5\libv5rt.a(vex_controller.cpp.obj)
                0x0380226c                vex::controller::lcd::print(char const*, ...)
 .text._ZN3vex10controller3lcd9clearLineEi
                0x038022ec       0x80 c:\Users\emmag\AppData\Roaming\Code\User\globalStorage\vexrobotics.vexcode\sdk\cpp\V5\V5_20240802_15_00_00/vexv5\libv5rt.a(vex_controller.cpp.obj)
                0x038022ec                vex::controller::lcd::clearLine(int)
 .text._ZN3vex11this_thread9sleep_forEm
                0x0380236c        0x4 c:\Users\emmag\AppData\Roaming\Code\User\globalStorage\vexrobotics.vexcode\sdk\cpp\V5\V5_20240802_15_00_00/vexv5\libv5rt.a(vex_thread.cpp.obj)
                0x0380236c                vex::this_thread::sleep_for(unsigned long)
 .text._ZN3vex5event4initEmmPFvvE
                0x03802370        0x4 c:\Users\emmag\AppData\Roaming\Code\User\globalStorage\vexrobotics.vexcode\sdk\cpp\V5\V5_20240802_15_00_00/vexv5\libv5rt.a(vex_event.cpp.obj)
                0x03802370                vex::event::init(unsigned long, unsigned long, void (*)())
 .text._ZN3vex5event4initEmmPFvPvES1_
                0x03802374        0x4 c:\Users\emmag\AppData\Roaming\Code\User\globalStorage\vexrobotics.vexcode\sdk\cpp\V5\V5_20240802_15_00_00/vexv5\libv5rt.a(vex_event.cpp.obj)
                0x03802374                vex::event::init(unsigned long, unsigned long, void (*)(void*), void*)
 .text._ZN3vex5event9userindexEv
                0x03802378        0x4 c:\Users\emmag\AppData\Roaming\Code\User\globalStorage\vexrobotics.vexcode\sdk\cpp\V5\V5_20240802_15_00_00/vexv5\libv5rt.a(vex_event.cpp.obj)
                0x03802378                vex::event::userindex()
 .text._ZZN3vex6meventC4EmmENUlvE_4_FUNEv
                0x0380237c        0x4 c:\Users\emmag\AppData\Roaming\Code\User\globalStorage\vexrobotics.vexcode\sdk\cpp\V5\V5_20240802_15_00_00/vexv5\libv5rt.a(vex_mevent.cpp.obj)
 .text._ZN3vex6meventC2Emm
                0x03802380       0x70 c:\Users\emmag\AppData\Roaming\Code\User\globalStorage\vexrobotics.vexcode\sdk\cpp\V5\V5_20240802_15_00_00/vexv5\libv5rt.a(vex_mevent.cpp.obj)
                0x03802380                vex::mevent::mevent(unsigned long, unsigned long)
                0x03802380                vex::mevent::mevent(unsigned long, unsigned long)
 .text._ZN3vex5brain9_getIndexEv
                0x038023f0       0x10 c:\Users\emmag\AppData\Roaming\Code\User\globalStorage\vexrobotics.vexcode\sdk\cpp\V5\V5_20240802_15_00_00/vexv5\libv5rt.a(vex_brain.cpp.obj)
                0x038023f0                vex::brain::_getIndex()
 .text._ZN3vex5brain3lcd9setCursorEll
                0x03802400       0x44 c:\Users\emmag\AppData\Roaming\Code\User\globalStorage\vexrobotics.vexcode\sdk\cpp\V5\V5_20240802_15_00_00/vexv5\libv5rt.a(vex_brain.cpp.obj)
                0x03802400                vex::brain::lcd::setCursor(long, long)
 .text._ZN3vex5brain3lcd7setFontENS_8fontTypeE
                0x03802444      0x23c c:\Users\emmag\AppData\Roaming\Code\User\globalStorage\vexrobotics.vexcode\sdk\cpp\V5\V5_20240802_15_00_00/vexv5\libv5rt.a(vex_brain.cpp.obj)
                0x03802444                vex::brain::lcd::setFont(vex::fontType)
 .text._ZN3vex5brain3lcdC2Ev
                0x03802680       0x94 c:\Users\emmag\AppData\Roaming\Code\User\globalStorage\vexrobotics.vexcode\sdk\cpp\V5\V5_20240802_15_00_00/vexv5\libv5rt.a(vex_brain.cpp.obj)
                0x03802680                vex::brain::lcd::lcd()
                0x03802680                vex::brain::lcd::lcd()
 .text._ZN3vex5brainC2Ev
                0x03802714       0x3c c:\Users\emmag\AppData\Roaming\Code\User\globalStorage\vexrobotics.vexcode\sdk\cpp\V5\V5_20240802_15_00_00/vexv5\libv5rt.a(vex_brain.cpp.obj)
                0x03802714                vex::brain::brain()
                0x03802714                vex::brain::brain()
 .text._ZN3vex5brain3lcd12_clearScreenEm
                0x03802750       0x38 c:\Users\emmag\AppData\Roaming\Code\User\globalStorage\vexrobotics.vexcode\sdk\cpp\V5\V5_20240802_15_00_00/vexv5\libv5rt.a(vex_brain.cpp.obj)
                0x03802750                vex::brain::lcd::_clearScreen(unsigned long)
 .text._ZN3vex5brain3lcd11clearScreenERKNS_5colorE
                0x03802788       0x20 c:\Users\emmag\AppData\Roaming\Code\User\globalStorage\vexrobotics.vexcode\sdk\cpp\V5\V5_20240802_15_00_00/vexv5\libv5rt.a(vex_brain.cpp.obj)
                0x03802788                vex::brain::lcd::clearScreen(vex::color const&)
 .text._ZN3vex5brain3lcd11clearScreenEv
                0x038027a8       0x2c c:\Users\emmag\AppData\Roaming\Code\User\globalStorage\vexrobotics.vexcode\sdk\cpp\V5\V5_20240802_15_00_00/vexv5\libv5rt.a(vex_brain.cpp.obj)
                0x038027a8                vex::brain::lcd::clearScreen()
 .text._ZN3vex5brain3lcd10rowToPixelEl
                0x038027d4       0x34 c:\Users\emmag\AppData\Roaming\Code\User\globalStorage\vexrobotics.vexcode\sdk\cpp\V5\V5_20240802_15_00_00/vexv5\libv5rt.a(vex_brain.cpp.obj)
                0x038027d4                vex::brain::lcd::rowToPixel(long)
 .text._ZN3vex5brain3lcd5printEPKcz
                0x03802808       0xb8 c:\Users\emmag\AppData\Roaming\Code\User\globalStorage\vexrobotics.vexcode\sdk\cpp\V5\V5_20240802_15_00_00/vexv5\libv5rt.a(vex_brain.cpp.obj)
                0x03802808                vex::brain::lcd::print(char const*, ...)
 .text._ZN3vex5brainD2Ev
                0x038028c0       0x20 c:\Users\emmag\AppData\Roaming\Code\User\globalStorage\vexrobotics.vexcode\sdk\cpp\V5\V5_20240802_15_00_00/vexv5\libv5rt.a(vex_brain.cpp.obj)
                0x038028c0                vex::brain::~brain()
                0x038028c0                vex::brain::~brain()
 .text._ZN3vex11competition8_disableEPv
                0x038028e0       0xa4 c:\Users\emmag\AppData\Roaming\Code\User\globalStorage\vexrobotics.vexcode\sdk\cpp\V5\V5_20240802_15_00_00/vexv5\libv5rt.a(vex_competition.cpp.obj)
                0x038028e0                vex::competition::_disable(void*)
 .text._ZN3vex11competition11_autonomousEv
                0x03802984       0x80 c:\Users\emmag\AppData\Roaming\Code\User\globalStorage\vexrobotics.vexcode\sdk\cpp\V5\V5_20240802_15_00_00/vexv5\libv5rt.a(vex_competition.cpp.obj)
                0x03802984                vex::competition::_autonomous()
 .text._ZN3vex11competition14_drivercontrolEv
                0x03802a04       0x80 c:\Users\emmag\AppData\Roaming\Code\User\globalStorage\vexrobotics.vexcode\sdk\cpp\V5\V5_20240802_15_00_00/vexv5\libv5rt.a(vex_competition.cpp.obj)
                0x03802a04                vex::competition::_drivercontrol()
 .text._ZN3vex11competitionC2Ev
                0x03802a84      0x13c c:\Users\emmag\AppData\Roaming\Code\User\globalStorage\vexrobotics.vexcode\sdk\cpp\V5\V5_20240802_15_00_00/vexv5\libv5rt.a(vex_competition.cpp.obj)
                0x03802a84                vex::competition::competition()
                0x03802a84                vex::competition::competition()
 .text._ZN3vex11competitionD2Ev
                0x03802bc0        0x4 c:\Users\emmag\AppData\Roaming\Code\User\globalStorage\vexrobotics.vexcode\sdk\cpp\V5\V5_20240802_15_00_00/vexv5\libv5rt.a(vex_competition.cpp.obj)
                0x03802bc0                vex::competition::~competition()
                0x03802bc0                vex::competition::~competition()
 .text._ZN3vex11competition10autonomousEPFvvE
                0x03802bc4       0x44 c:\Users\emmag\AppData\Roaming\Code\User\globalStorage\vexrobotics.vexcode\sdk\cpp\V5\V5_20240802_15_00_00/vexv5\libv5rt.a(vex_competition.cpp.obj)
                0x03802bc4                vex::competition::autonomous(void (*)())
 .text._ZN3vex11competition13drivercontrolEPFvvE
                0x03802c08       0x44 c:\Users\emmag\AppData\Roaming\Code\User\globalStorage\vexrobotics.vexcode\sdk\cpp\V5\V5_20240802_15_00_00/vexv5\libv5rt.a(vex_competition.cpp.obj)
                0x03802c08                vex::competition::drivercontrol(void (*)())
 .text._ZN3vex7triportD2Ev
                0x03802c4c       0x38 c:\Users\emmag\AppData\Roaming\Code\User\globalStorage\vexrobotics.vexcode\sdk\cpp\V5\V5_20240802_15_00_00/vexv5\libv5rt.a(vex_triport.cpp.obj)
                0x03802c4c                vex::triport::~triport()
                0x03802c4c                vex::triport::~triport()
 .text._ZN3vex7triportD0Ev
                0x03802c84       0x1c c:\Users\emmag\AppData\Roaming\Code\User\globalStorage\vexrobotics.vexcode\sdk\cpp\V5\V5_20240802_15_00_00/vexv5\libv5rt.a(vex_triport.cpp.obj)
                0x03802c84                vex::triport::~triport()
 .text._ZN3vex7triport9installedEv
                0x03802ca0       0x18 c:\Users\emmag\AppData\Roaming\Code\User\globalStorage\vexrobotics.vexcode\sdk\cpp\V5\V5_20240802_15_00_00/vexv5\libv5rt.a(vex_triport.cpp.obj)
                0x03802ca0                vex::triport::installed()
 .text._ZN3vex7triport4portC2ElPS0_
                0x03802cb8       0x74 c:\Users\emmag\AppData\Roaming\Code\User\globalStorage\vexrobotics.vexcode\sdk\cpp\V5\V5_20240802_15_00_00/vexv5\libv5rt.a(vex_triport.cpp.obj)
                0x03802cb8                vex::triport::port::port(long, vex::triport*)
                0x03802cb8                vex::triport::port::port(long, vex::triport*)
 .text._ZN3vex7triportC2El
                0x03802d2c       0xf0 c:\Users\emmag\AppData\Roaming\Code\User\globalStorage\vexrobotics.vexcode\sdk\cpp\V5\V5_20240802_15_00_00/vexv5\libv5rt.a(vex_triport.cpp.obj)
                0x03802d2c                vex::triport::triport(long)
                0x03802d2c                vex::triport::triport(long)
 .text._ZN3vex7triport4port4typeENS_11triportTypeE
                0x03802e1c       0x30 c:\Users\emmag\AppData\Roaming\Code\User\globalStorage\vexrobotics.vexcode\sdk\cpp\V5\V5_20240802_15_00_00/vexv5\libv5rt.a(vex_triport.cpp.obj)
                0x03802e1c                vex::triport::port::type(vex::triportType)
 .text._ZN3vex7triport4port4typeEv
                0x03802e4c       0x38 c:\Users\emmag\AppData\Roaming\Code\User\globalStorage\vexrobotics.vexcode\sdk\cpp\V5\V5_20240802_15_00_00/vexv5\libv5rt.a(vex_triport.cpp.obj)
                0x03802e4c                vex::triport::port::type()
 .text._ZN3vex7triport4port5valueEl
                0x03802e84       0x18 c:\Users\emmag\AppData\Roaming\Code\User\globalStorage\vexrobotics.vexcode\sdk\cpp\V5\V5_20240802_15_00_00/vexv5\libv5rt.a(vex_triport.cpp.obj)
                0x03802e84                vex::triport::port::value(long)
 .text._ZN3vex11__trideviceC2ERNS_7triport4portENS_11triportTypeE
                0x03802e9c       0x5c c:\Users\emmag\AppData\Roaming\Code\User\globalStorage\vexrobotics.vexcode\sdk\cpp\V5\V5_20240802_15_00_00/vexv5\libv5rt.a(vex_triport.cpp.obj)
                0x03802e9c                vex::__tridevice::__tridevice(vex::triport::port&, vex::triportType)
                0x03802e9c                vex::__tridevice::__tridevice(vex::triport::port&, vex::triportType)
 .text._ZN3vex11digital_outC2ERNS_7triport4portE
                0x03802ef8       0x18 c:\Users\emmag\AppData\Roaming\Code\User\globalStorage\vexrobotics.vexcode\sdk\cpp\V5\V5_20240802_15_00_00/vexv5\libv5rt.a(vex_triport.cpp.obj)
                0x03802ef8                vex::digital_out::digital_out(vex::triport::port&)
                0x03802ef8                vex::digital_out::digital_out(vex::triport::port&)
 .text._ZN3vex11digital_outD2Ev
                0x03802f10        0x4 c:\Users\emmag\AppData\Roaming\Code\User\globalStorage\vexrobotics.vexcode\sdk\cpp\V5\V5_20240802_15_00_00/vexv5\libv5rt.a(vex_triport.cpp.obj)
                0x03802f10                vex::digital_out::~digital_out()
                0x03802f10                vex::digital_out::~digital_out()
 .text._ZN3vex11digital_out3setEb
                0x03802f14        0x8 c:\Users\emmag\AppData\Roaming\Code\User\globalStorage\vexrobotics.vexcode\sdk\cpp\V5\V5_20240802_15_00_00/vexv5\libv5rt.a(vex_triport.cpp.obj)
                0x03802f14                vex::digital_out::set(bool)
 .text._ZN3vex5colorD2Ev
                0x03802f1c        0x4 c:\Users\emmag\AppData\Roaming\Code\User\globalStorage\vexrobotics.vexcode\sdk\cpp\V5\V5_20240802_15_00_00/vexv5\libv5rt.a(vex_color.cpp.obj)
                0x03802f1c                vex::color::~color()
                0x03802f1c                vex::color::~color()
 .text._ZNK3vex5colorcvmEv
                0x03802f20        0x8 c:\Users\emmag\AppData\Roaming\Code\User\globalStorage\vexrobotics.vexcode\sdk\cpp\V5\V5_20240802_15_00_00/vexv5\libv5rt.a(vex_color.cpp.obj)
                0x03802f20                vex::color::operator unsigned long() const
 .text.startup._GLOBAL__sub_I__ZN3vex5color5blackE
                0x03802f28      0x164 c:\Users\emmag\AppData\Roaming\Code\User\globalStorage\vexrobotics.vexcode\sdk\cpp\V5\V5_20240802_15_00_00/vexv5\libv5rt.a(vex_color.cpp.obj)
 .text._ZN3vex5timerD2Ev
                0x0380308c        0x4 c:\Users\emmag\AppData\Roaming\Code\User\globalStorage\vexrobotics.vexcode\sdk\cpp\V5\V5_20240802_15_00_00/vexv5\libv5rt.a(vex_timer.cpp.obj)
                0x0380308c                vex::timer::~timer()
                0x0380308c                vex::timer::~timer()
 .text._ZN3vex5timer5clearEv
                0x03803090       0x1c c:\Users\emmag\AppData\Roaming\Code\User\globalStorage\vexrobotics.vexcode\sdk\cpp\V5\V5_20240802_15_00_00/vexv5\libv5rt.a(vex_timer.cpp.obj)
                0x03803090                vex::timer::clear()
 .text._ZN3vex5timerC2Ev
                0x038030ac       0x14 c:\Users\emmag\AppData\Roaming\Code\User\globalStorage\vexrobotics.vexcode\sdk\cpp\V5\V5_20240802_15_00_00/vexv5\libv5rt.a(vex_timer.cpp.obj)
                0x038030ac                vex::timer::timer()
                0x038030ac                vex::timer::timer()
 .text._ZN3vex11motor_group18motor_group_motorsC2Ev
                0x038030c0       0x28 c:\Users\emmag\AppData\Roaming\Code\User\globalStorage\vexrobotics.vexcode\sdk\cpp\V5\V5_20240802_15_00_00/vexv5\libv5rt.a(vex_motorgroup.cpp.obj)
                0x038030c0                vex::motor_group::motor_group_motors::motor_group_motors()
                0x038030c0                vex::motor_group::motor_group_motors::motor_group_motors()
 .text._ZN3vex11motor_group18motor_group_motorsC2ERKS1_
                0x038030e8       0x20 c:\Users\emmag\AppData\Roaming\Code\User\globalStorage\vexrobotics.vexcode\sdk\cpp\V5\V5_20240802_15_00_00/vexv5\libv5rt.a(vex_motorgroup.cpp.obj)
                0x038030e8                vex::motor_group::motor_group_motors::motor_group_motors(vex::motor_group::motor_group_motors const&)
                0x038030e8                vex::motor_group::motor_group_motors::motor_group_motors(vex::motor_group::motor_group_motors const&)
 .text._ZN3vex11motor_groupC2Ev
                0x03803108       0x1c c:\Users\emmag\AppData\Roaming\Code\User\globalStorage\vexrobotics.vexcode\sdk\cpp\V5\V5_20240802_15_00_00/vexv5\libv5rt.a(vex_motorgroup.cpp.obj)
                0x03803108                vex::motor_group::motor_group()
                0x03803108                vex::motor_group::motor_group()
 .text._ZN3vex11motor_groupD2Ev
                0x03803124        0x4 c:\Users\emmag\AppData\Roaming\Code\User\globalStorage\vexrobotics.vexcode\sdk\cpp\V5\V5_20240802_15_00_00/vexv5\libv5rt.a(vex_motorgroup.cpp.obj)
                0x03803124                vex::motor_group::~motor_group()
                0x03803124                vex::motor_group::~motor_group()
 .text._ZN3vex11motor_group9_addMotorERNS_5motorE
                0x03803128       0x20 c:\Users\emmag\AppData\Roaming\Code\User\globalStorage\vexrobotics.vexcode\sdk\cpp\V5\V5_20240802_15_00_00/vexv5\libv5rt.a(vex_motorgroup.cpp.obj)
                0x03803128                vex::motor_group::_addMotor(vex::motor&)
 .text._ZN3vex11motor_group11setVelocityEdNS_13velocityUnitsE
                0x03803148       0x4c c:\Users\emmag\AppData\Roaming\Code\User\globalStorage\vexrobotics.vexcode\sdk\cpp\V5\V5_20240802_15_00_00/vexv5\libv5rt.a(vex_motorgroup.cpp.obj)
                0x03803148                vex::motor_group::setVelocity(double, vex::velocityUnits)
 .text._ZN3vex11motor_group13resetPositionEv
                0x03803194       0x30 c:\Users\emmag\AppData\Roaming\Code\User\globalStorage\vexrobotics.vexcode\sdk\cpp\V5\V5_20240802_15_00_00/vexv5\libv5rt.a(vex_motorgroup.cpp.obj)
                0x03803194                vex::motor_group::resetPosition()
 .text._ZN3vex11motor_group4spinENS_13directionTypeEdNS_13velocityUnitsE
                0x038031c4       0x54 c:\Users\emmag\AppData\Roaming\Code\User\globalStorage\vexrobotics.vexcode\sdk\cpp\V5\V5_20240802_15_00_00/vexv5\libv5rt.a(vex_motorgroup.cpp.obj)
                0x038031c4                vex::motor_group::spin(vex::directionType, double, vex::velocityUnits)
 .text._ZN3vex11motor_group10isSpinningEv
                0x03803218       0x40 c:\Users\emmag\AppData\Roaming\Code\User\globalStorage\vexrobotics.vexcode\sdk\cpp\V5\V5_20240802_15_00_00/vexv5\libv5rt.a(vex_motorgroup.cpp.obj)
                0x03803218                vex::motor_group::isSpinning()
 .text._ZN3vex11motor_group6isDoneEv
                0x03803258       0x14 c:\Users\emmag\AppData\Roaming\Code\User\globalStorage\vexrobotics.vexcode\sdk\cpp\V5\V5_20240802_15_00_00/vexv5\libv5rt.a(vex_motorgroup.cpp.obj)
                0x03803258                vex::motor_group::isDone()
 .text._ZN3vex11motor_group14isSpinningModeEv
                0x0380326c       0x40 c:\Users\emmag\AppData\Roaming\Code\User\globalStorage\vexrobotics.vexcode\sdk\cpp\V5\V5_20240802_15_00_00/vexv5\libv5rt.a(vex_motorgroup.cpp.obj)
                0x0380326c                vex::motor_group::isSpinningMode()
 .text._ZN3vex11motor_group4stopEv
                0x038032ac       0x30 c:\Users\emmag\AppData\Roaming\Code\User\globalStorage\vexrobotics.vexcode\sdk\cpp\V5\V5_20240802_15_00_00/vexv5\libv5rt.a(vex_motorgroup.cpp.obj)
                0x038032ac                vex::motor_group::stop()
 .text._ZN3vex11motor_group20waitForCompletionAllEv
                0x038032dc       0x60 c:\Users\emmag\AppData\Roaming\Code\User\globalStorage\vexrobotics.vexcode\sdk\cpp\V5\V5_20240802_15_00_00/vexv5\libv5rt.a(vex_motorgroup.cpp.obj)
                0x038032dc                vex::motor_group::waitForCompletionAll()
 .text._ZN3vex11motor_group6spinToEdNS_13rotationUnitsEb
                0x0380333c       0x78 c:\Users\emmag\AppData\Roaming\Code\User\globalStorage\vexrobotics.vexcode\sdk\cpp\V5\V5_20240802_15_00_00/vexv5\libv5rt.a(vex_motorgroup.cpp.obj)
                0x0380333c                vex::motor_group::spinTo(double, vex::rotationUnits, bool)
 .text._ZN3vex11motor_group14spinToPositionEdNS_13rotationUnitsEb
                0x038033b4        0xc c:\Users\emmag\AppData\Roaming\Code\User\globalStorage\vexrobotics.vexcode\sdk\cpp\V5\V5_20240802_15_00_00/vexv5\libv5rt.a(vex_motorgroup.cpp.obj)
                0x038033b4                vex::motor_group::spinToPosition(double, vex::rotationUnits, bool)
 .text._ZN3vex11motor_group7spinForENS_13directionTypeEdNS_13rotationUnitsEdNS_13velocityUnitsEb
                0x038033c0       0xa8 c:\Users\emmag\AppData\Roaming\Code\User\globalStorage\vexrobotics.vexcode\sdk\cpp\V5\V5_20240802_15_00_00/vexv5\libv5rt.a(vex_motorgroup.cpp.obj)
                0x038033c0                vex::motor_group::spinFor(vex::directionType, double, vex::rotationUnits, double, vex::velocityUnits, bool)
 .text._ZN3vex11motor_group7spinForENS_13directionTypeEdNS_13rotationUnitsEb
                0x03803468       0x80 c:\Users\emmag\AppData\Roaming\Code\User\globalStorage\vexrobotics.vexcode\sdk\cpp\V5\V5_20240802_15_00_00/vexv5\libv5rt.a(vex_motorgroup.cpp.obj)
                0x03803468                vex::motor_group::spinFor(vex::directionType, double, vex::rotationUnits, bool)
 .text._ZN3vex10drivetrainD2Ev
                0x038034e8       0x28 c:\Users\emmag\AppData\Roaming\Code\User\globalStorage\vexrobotics.vexcode\sdk\cpp\V5\V5_20240802_15_00_00/vexv5\libv5rt.a(vex_drivetrain.cpp.obj)
                0x038034e8                vex::drivetrain::~drivetrain()
                0x038034e8                vex::drivetrain::~drivetrain()
 .text._ZN3vex10drivetrainD0Ev
                0x03803510       0x1c c:\Users\emmag\AppData\Roaming\Code\User\globalStorage\vexrobotics.vexcode\sdk\cpp\V5\V5_20240802_15_00_00/vexv5\libv5rt.a(vex_drivetrain.cpp.obj)
                0x03803510                vex::drivetrain::~drivetrain()
 .text._ZN3vex10drivetrain8isMovingEv
                0x0380352c       0x24 c:\Users\emmag\AppData\Roaming\Code\User\globalStorage\vexrobotics.vexcode\sdk\cpp\V5\V5_20240802_15_00_00/vexv5\libv5rt.a(vex_drivetrain.cpp.obj)
                0x0380352c                vex::drivetrain::isMoving()
 .text._ZN3vex10drivetrain16setDriveVelocityEdNS_13velocityUnitsE
                0x03803550       0x48 c:\Users\emmag\AppData\Roaming\Code\User\globalStorage\vexrobotics.vexcode\sdk\cpp\V5\V5_20240802_15_00_00/vexv5\libv5rt.a(vex_drivetrain.cpp.obj)
                0x03803550                vex::drivetrain::setDriveVelocity(double, vex::velocityUnits)
 .text._ZN3vex10drivetrain12setGearRatioEd
                0x03803598       0x54 c:\Users\emmag\AppData\Roaming\Code\User\globalStorage\vexrobotics.vexcode\sdk\cpp\V5\V5_20240802_15_00_00/vexv5\libv5rt.a(vex_drivetrain.cpp.obj)
                0x03803598                vex::drivetrain::setGearRatio(double)
 .text._ZN3vex10drivetrain16setDriveVelocityEdNS_12percentUnitsE
                0x038035ec        0x4 c:\Users\emmag\AppData\Roaming\Code\User\globalStorage\vexrobotics.vexcode\sdk\cpp\V5\V5_20240802_15_00_00/vexv5\libv5rt.a(vex_drivetrain.cpp.obj)
                0x038035ec                vex::drivetrain::setDriveVelocity(double, vex::percentUnits)
 .text._ZN3vex10drivetrain10timeoutGetEv
                0x038035f0        0x8 c:\Users\emmag\AppData\Roaming\Code\User\globalStorage\vexrobotics.vexcode\sdk\cpp\V5\V5_20240802_15_00_00/vexv5\libv5rt.a(vex_drivetrain.cpp.obj)
                0x038035f0                vex::drivetrain::timeoutGet()
 .text._ZN3vex10drivetrain4turnENS_8turnTypeE
                0x038035f8       0x50 c:\Users\emmag\AppData\Roaming\Code\User\globalStorage\vexrobotics.vexcode\sdk\cpp\V5\V5_20240802_15_00_00/vexv5\libv5rt.a(vex_drivetrain.cpp.obj)
                0x038035f8                vex::drivetrain::turn(vex::turnType)
 .text._ZN3vex10drivetrain15setTurnVelocityEdNS_13velocityUnitsE
                0x03803648       0x28 c:\Users\emmag\AppData\Roaming\Code\User\globalStorage\vexrobotics.vexcode\sdk\cpp\V5\V5_20240802_15_00_00/vexv5\libv5rt.a(vex_drivetrain.cpp.obj)
                0x03803648                vex::drivetrain::setTurnVelocity(double, vex::velocityUnits)
 .text._ZN3vex10drivetrain4turnENS_8turnTypeEdNS_13velocityUnitsE
                0x03803670       0x6c c:\Users\emmag\AppData\Roaming\Code\User\globalStorage\vexrobotics.vexcode\sdk\cpp\V5\V5_20240802_15_00_00/vexv5\libv5rt.a(vex_drivetrain.cpp.obj)
                0x03803670                vex::drivetrain::turn(vex::turnType, double, vex::velocityUnits)
 .text._ZN3vex10drivetrain6isDoneEv
                0x038036dc       0x14 c:\Users\emmag\AppData\Roaming\Code\User\globalStorage\vexrobotics.vexcode\sdk\cpp\V5\V5_20240802_15_00_00/vexv5\libv5rt.a(vex_drivetrain.cpp.obj)
                0x038036dc                vex::drivetrain::isDone()
 .text._ZN3vex10drivetrain4stopEv
                0x038036f0       0x24 c:\Users\emmag\AppData\Roaming\Code\User\globalStorage\vexrobotics.vexcode\sdk\cpp\V5\V5_20240802_15_00_00/vexv5\libv5rt.a(vex_drivetrain.cpp.obj)
                0x038036f0                vex::drivetrain::stop()
 .text._ZN3vex10drivetrain21_waitForCompletionAllEv
                0x03803714       0x80 c:\Users\emmag\AppData\Roaming\Code\User\globalStorage\vexrobotics.vexcode\sdk\cpp\V5\V5_20240802_15_00_00/vexv5\libv5rt.a(vex_drivetrain.cpp.obj)
                0x03803714                vex::drivetrain::_waitForCompletionAll()
 *fill*         0x03803794        0x4 
 .text._ZN3vex10drivetrain12distanceToMmEdNS_13distanceUnitsE
                0x03803798       0x38 c:\Users\emmag\AppData\Roaming\Code\User\globalStorage\vexrobotics.vexcode\sdk\cpp\V5\V5_20240802_15_00_00/vexv5\libv5rt.a(vex_drivetrain.cpp.obj)
                0x03803798                vex::drivetrain::distanceToMm(double, vex::distanceUnits)
 .text._ZN3vex10drivetrainC2ERNS_11motor_groupES2_dddNS_13distanceUnitsEd
                0x038037d0      0x110 c:\Users\emmag\AppData\Roaming\Code\User\globalStorage\vexrobotics.vexcode\sdk\cpp\V5\V5_20240802_15_00_00/vexv5\libv5rt.a(vex_drivetrain.cpp.obj)
                0x038037d0                vex::drivetrain::drivetrain(vex::motor_group&, vex::motor_group&, double, double, double, vex::distanceUnits, double)
                0x038037d0                vex::drivetrain::drivetrain(vex::motor_group&, vex::motor_group&, double, double, double, vex::distanceUnits, double)
 .text._ZN3vex10drivetrain14distanceToRevsEdNS_13distanceUnitsE
                0x038038e0       0x34 c:\Users\emmag\AppData\Roaming\Code\User\globalStorage\vexrobotics.vexcode\sdk\cpp\V5\V5_20240802_15_00_00/vexv5\libv5rt.a(vex_drivetrain.cpp.obj)
                0x038038e0                vex::drivetrain::distanceToRevs(double, vex::distanceUnits)
 .text._ZN3vex10drivetrain8driveForENS_13directionTypeEdNS_13distanceUnitsEb
                0x03803914       0x90 c:\Users\emmag\AppData\Roaming\Code\User\globalStorage\vexrobotics.vexcode\sdk\cpp\V5\V5_20240802_15_00_00/vexv5\libv5rt.a(vex_drivetrain.cpp.obj)
                0x03803914                vex::drivetrain::driveFor(vex::directionType, double, vex::distanceUnits, bool)
 .text._ZN3vex10drivetrain8driveForEdNS_13distanceUnitsEb
                0x038039a4       0x10 c:\Users\emmag\AppData\Roaming\Code\User\globalStorage\vexrobotics.vexcode\sdk\cpp\V5\V5_20240802_15_00_00/vexv5\libv5rt.a(vex_drivetrain.cpp.obj)
                0x038039a4                vex::drivetrain::driveFor(double, vex::distanceUnits, bool)
 .text._ZN3vex10drivetrain8driveForENS_13directionTypeEdNS_13distanceUnitsEdNS_13velocityUnitsEb
                0x038039b4       0xc8 c:\Users\emmag\AppData\Roaming\Code\User\globalStorage\vexrobotics.vexcode\sdk\cpp\V5\V5_20240802_15_00_00/vexv5\libv5rt.a(vex_drivetrain.cpp.obj)
                0x038039b4                vex::drivetrain::driveFor(vex::directionType, double, vex::distanceUnits, double, vex::velocityUnits, bool)
 .text._ZN3vex10drivetrain8driveForEdNS_13distanceUnitsEdNS_13velocityUnitsEb
                0x03803a7c       0x18 c:\Users\emmag\AppData\Roaming\Code\User\globalStorage\vexrobotics.vexcode\sdk\cpp\V5\V5_20240802_15_00_00/vexv5\libv5rt.a(vex_drivetrain.cpp.obj)
                0x03803a7c                vex::drivetrain::driveFor(double, vex::distanceUnits, double, vex::velocityUnits, bool)
 *fill*         0x03803a94        0x4 
 .text._ZN3vex10drivetrain11angleToRevsEdNS_13rotationUnitsE
                0x03803a98       0x98 c:\Users\emmag\AppData\Roaming\Code\User\globalStorage\vexrobotics.vexcode\sdk\cpp\V5\V5_20240802_15_00_00/vexv5\libv5rt.a(vex_drivetrain.cpp.obj)
                0x03803a98                vex::drivetrain::angleToRevs(double, vex::rotationUnits)
 .text._ZN3vex10drivetrain7turnForENS_8turnTypeEdNS_13rotationUnitsEb
                0x03803b30       0xbc c:\Users\emmag\AppData\Roaming\Code\User\globalStorage\vexrobotics.vexcode\sdk\cpp\V5\V5_20240802_15_00_00/vexv5\libv5rt.a(vex_drivetrain.cpp.obj)
                0x03803b30                vex::drivetrain::turnFor(vex::turnType, double, vex::rotationUnits, bool)
 .text._ZN3vex10drivetrain7turnForEdNS_13rotationUnitsEb
                0x03803bec       0x10 c:\Users\emmag\AppData\Roaming\Code\User\globalStorage\vexrobotics.vexcode\sdk\cpp\V5\V5_20240802_15_00_00/vexv5\libv5rt.a(vex_drivetrain.cpp.obj)
                0x03803bec                vex::drivetrain::turnFor(double, vex::rotationUnits, bool)
 .text._ZN3vex10drivetrain7turnForENS_8turnTypeEdNS_13rotationUnitsEdNS_13velocityUnitsEb
                0x03803bfc       0xd0 c:\Users\emmag\AppData\Roaming\Code\User\globalStorage\vexrobotics.vexcode\sdk\cpp\V5\V5_20240802_15_00_00/vexv5\libv5rt.a(vex_drivetrain.cpp.obj)
                0x03803bfc                vex::drivetrain::turnFor(vex::turnType, double, vex::rotationUnits, double, vex::velocityUnits, bool)
 .text._ZN3vex10drivetrain7turnForEdNS_13rotationUnitsEdNS_13velocityUnitsEb
                0x03803ccc       0x18 c:\Users\emmag\AppData\Roaming\Code\User\globalStorage\vexrobotics.vexcode\sdk\cpp\V5\V5_20240802_15_00_00/vexv5\libv5rt.a(vex_drivetrain.cpp.obj)
                0x03803ccc                vex::drivetrain::turnFor(double, vex::rotationUnits, double, vex::velocityUnits, bool)
 .text._ZN3vex10smartdriveD2Ev
                0x03803ce4       0x3c c:\Users\emmag\AppData\Roaming\Code\User\globalStorage\vexrobotics.vexcode\sdk\cpp\V5\V5_20240802_15_00_00/vexv5\libv5rt.a(vex_smartdrive.cpp.obj)
                0x03803ce4                vex::smartdrive::~smartdrive()
                0x03803ce4                vex::smartdrive::~smartdrive()
 .text._ZN3vex10smartdriveD0Ev
                0x03803d20       0x1c c:\Users\emmag\AppData\Roaming\Code\User\globalStorage\vexrobotics.vexcode\sdk\cpp\V5\V5_20240802_15_00_00/vexv5\libv5rt.a(vex_smartdrive.cpp.obj)
                0x03803d20                vex::smartdrive::~smartdrive()
 .text._ZN3vex10smartdrive23setTurnDirectionReverseEb
                0x03803d3c       0x20 c:\Users\emmag\AppData\Roaming\Code\User\globalStorage\vexrobotics.vexcode\sdk\cpp\V5\V5_20240802_15_00_00/vexv5\libv5rt.a(vex_smartdrive.cpp.obj)
                0x03803d3c                vex::smartdrive::setTurnDirectionReverse(bool)
 .text._ZN3vex10smartdriveC2ERNS_11motor_groupES2_RNS_5guidoEdddNS_13distanceUnitsEd
                0x03803d5c       0xb4 c:\Users\emmag\AppData\Roaming\Code\User\globalStorage\vexrobotics.vexcode\sdk\cpp\V5\V5_20240802_15_00_00/vexv5\libv5rt.a(vex_smartdrive.cpp.obj)
                0x03803d5c                vex::smartdrive::smartdrive(vex::motor_group&, vex::motor_group&, vex::guido&, double, double, double, vex::distanceUnits, double)
                0x03803d5c                vex::smartdrive::smartdrive(vex::motor_group&, vex::motor_group&, vex::guido&, double, double, double, vex::distanceUnits, double)
 .text._ZN3vex10smartdrive7headingENS_13rotationUnitsE
                0x03803e10       0x10 c:\Users\emmag\AppData\Roaming\Code\User\globalStorage\vexrobotics.vexcode\sdk\cpp\V5\V5_20240802_15_00_00/vexv5\libv5rt.a(vex_smartdrive.cpp.obj)
                0x03803e10                vex::smartdrive::heading(vex::rotationUnits)
 .text._ZN3vex10smartdrive8rotationENS_13rotationUnitsE
                0x03803e20       0x10 c:\Users\emmag\AppData\Roaming\Code\User\globalStorage\vexrobotics.vexcode\sdk\cpp\V5\V5_20240802_15_00_00/vexv5\libv5rt.a(vex_smartdrive.cpp.obj)
                0x03803e20                vex::smartdrive::rotation(vex::rotationUnits)
 .text._ZN3vex10smartdrive9isTurningEv
                0x03803e30       0x1c c:\Users\emmag\AppData\Roaming\Code\User\globalStorage\vexrobotics.vexcode\sdk\cpp\V5\V5_20240802_15_00_00/vexv5\libv5rt.a(vex_smartdrive.cpp.obj)
                0x03803e30                vex::smartdrive::isTurning()
 .text._ZN3vex10smartdrive11_initeventsEv
                0x03803e4c       0x50 c:\Users\emmag\AppData\Roaming\Code\User\globalStorage\vexrobotics.vexcode\sdk\cpp\V5\V5_20240802_15_00_00/vexv5\libv5rt.a(vex_smartdrive.cpp.obj)
                0x03803e4c                vex::smartdrive::_initevents()
 .text._ZN3vex10smartdrive22_testForCompletionGyroEv
                0x03803e9c       0xd4 c:\Users\emmag\AppData\Roaming\Code\User\globalStorage\vexrobotics.vexcode\sdk\cpp\V5\V5_20240802_15_00_00/vexv5\libv5rt.a(vex_smartdrive.cpp.obj)
                0x03803e9c                vex::smartdrive::_testForCompletionGyro()
 .text._ZN3vex10smartdrive9_gyrotaskEPv
                0x03803f70       0x94 c:\Users\emmag\AppData\Roaming\Code\User\globalStorage\vexrobotics.vexcode\sdk\cpp\V5\V5_20240802_15_00_00/vexv5\libv5rt.a(vex_smartdrive.cpp.obj)
                0x03803f70                vex::smartdrive::_gyrotask(void*)
 .text._ZN3vex10smartdrive22_waitForCompletionGyroEv
                0x03804004       0xa8 c:\Users\emmag\AppData\Roaming\Code\User\globalStorage\vexrobotics.vexcode\sdk\cpp\V5\V5_20240802_15_00_00/vexv5\libv5rt.a(vex_smartdrive.cpp.obj)
                0x03804004                vex::smartdrive::_waitForCompletionGyro()
 *fill*         0x038040ac        0x4 
 .text._ZN3vex10smartdrive7turnForENS_8turnTypeEdNS_13rotationUnitsEdNS_13velocityUnitsEb
                0x038040b0      0x160 c:\Users\emmag\AppData\Roaming\Code\User\globalStorage\vexrobotics.vexcode\sdk\cpp\V5\V5_20240802_15_00_00/vexv5\libv5rt.a(vex_smartdrive.cpp.obj)
                0x038040b0                vex::smartdrive::turnFor(vex::turnType, double, vex::rotationUnits, double, vex::velocityUnits, bool)
 .text._ZN3vex10smartdrive13turnToHeadingEdNS_13rotationUnitsEdNS_13velocityUnitsEb
                0x03804210      0x114 c:\Users\emmag\AppData\Roaming\Code\User\globalStorage\vexrobotics.vexcode\sdk\cpp\V5\V5_20240802_15_00_00/vexv5\libv5rt.a(vex_smartdrive.cpp.obj)
                0x03804210                vex::smartdrive::turnToHeading(double, vex::rotationUnits, double, vex::velocityUnits, bool)
 .text._ZN3vex10smartdrive13turnToHeadingEdNS_13rotationUnitsEb
                0x03804324       0x34 c:\Users\emmag\AppData\Roaming\Code\User\globalStorage\vexrobotics.vexcode\sdk\cpp\V5\V5_20240802_15_00_00/vexv5\libv5rt.a(vex_smartdrive.cpp.obj)
                0x03804324                vex::smartdrive::turnToHeading(double, vex::rotationUnits, bool)
 .text._ZN3vex10smartdrive7turnForENS_8turnTypeEdNS_13rotationUnitsEb
                0x03804358       0x34 c:\Users\emmag\AppData\Roaming\Code\User\globalStorage\vexrobotics.vexcode\sdk\cpp\V5\V5_20240802_15_00_00/vexv5\libv5rt.a(vex_smartdrive.cpp.obj)
                0x03804358                vex::smartdrive::turnFor(vex::turnType, double, vex::rotationUnits, bool)
 .text._ZN3vex10smartdrive7turnForEdNS_13rotationUnitsEb
                0x0380438c       0x10 c:\Users\emmag\AppData\Roaming\Code\User\globalStorage\vexrobotics.vexcode\sdk\cpp\V5\V5_20240802_15_00_00/vexv5\libv5rt.a(vex_smartdrive.cpp.obj)
                0x0380438c                vex::smartdrive::turnFor(double, vex::rotationUnits, bool)
 .text._ZN3vex10smartdrive7turnForEdNS_13rotationUnitsEdNS_13velocityUnitsEb
                0x0380439c       0x18 c:\Users\emmag\AppData\Roaming\Code\User\globalStorage\vexrobotics.vexcode\sdk\cpp\V5\V5_20240802_15_00_00/vexv5\libv5rt.a(vex_smartdrive.cpp.obj)
                0x0380439c                vex::smartdrive::turnFor(double, vex::rotationUnits, double, vex::velocityUnits, bool)
 .text._ZN3vex10smartdrive8isMovingEv
                0x038043b4       0x20 c:\Users\emmag\AppData\Roaming\Code\User\globalStorage\vexrobotics.vexcode\sdk\cpp\V5\V5_20240802_15_00_00/vexv5\libv5rt.a(vex_smartdrive.cpp.obj)
                0x038043b4                vex::smartdrive::isMoving()
 .text.vexAdiPortConfigSet
                0x038043d4       0x28 c:\Users\emmag\AppData\Roaming\Code\User\globalStorage\vexrobotics.vexcode\sdk\cpp\V5\V5_20240802_15_00_00/vexv5\libv5rt.a(v5_apiuser.c.obj)
                0x038043d4                vexAdiPortConfigSet
 .text.vexAdiPortConfigGet
                0x038043fc       0x28 c:\Users\emmag\AppData\Roaming\Code\User\globalStorage\vexrobotics.vexcode\sdk\cpp\V5\V5_20240802_15_00_00/vexv5\libv5rt.a(v5_apiuser.c.obj)
                0x038043fc                vexAdiPortConfigGet
 .text.vexAdiValueSet
                0x03804424       0x28 c:\Users\emmag\AppData\Roaming\Code\User\globalStorage\vexrobotics.vexcode\sdk\cpp\V5\V5_20240802_15_00_00/vexv5\libv5rt.a(v5_apiuser.c.obj)
                0x03804424                vexAdiValueSet
 .text.vexMotorVelocitySet
                0x0380444c       0x20 c:\Users\emmag\AppData\Roaming\Code\User\globalStorage\vexrobotics.vexcode\sdk\cpp\V5\V5_20240802_15_00_00/vexv5\libv5rt.a(v5_apiuser.c.obj)
                0x0380444c                vexMotorVelocitySet
 .text.vexMotorVelocityGet
                0x0380446c       0x18 c:\Users\emmag\AppData\Roaming\Code\User\globalStorage\vexrobotics.vexcode\sdk\cpp\V5\V5_20240802_15_00_00/vexv5\libv5rt.a(v5_apiuser.c.obj)
                0x0380446c                vexMotorVelocityGet
 .text.vexMotorActualVelocityGet
                0x03804484       0x24 c:\Users\emmag\AppData\Roaming\Code\User\globalStorage\vexrobotics.vexcode\sdk\cpp\V5\V5_20240802_15_00_00/vexv5\libv5rt.a(v5_apiuser.c.obj)
                0x03804484                vexMotorActualVelocityGet
 .text.vexMotorModeGet
                0x038044a8       0x18 c:\Users\emmag\AppData\Roaming\Code\User\globalStorage\vexrobotics.vexcode\sdk\cpp\V5\V5_20240802_15_00_00/vexv5\libv5rt.a(v5_apiuser.c.obj)
                0x038044a8                vexMotorModeGet
 .text.vexMotorZeroPositionFlagGet
                0x038044c0       0x18 c:\Users\emmag\AppData\Roaming\Code\User\globalStorage\vexrobotics.vexcode\sdk\cpp\V5\V5_20240802_15_00_00/vexv5\libv5rt.a(v5_apiuser.c.obj)
                0x038044c0                vexMotorZeroPositionFlagGet
 .text.vexMotorReverseFlagSet
                0x038044d8       0x20 c:\Users\emmag\AppData\Roaming\Code\User\globalStorage\vexrobotics.vexcode\sdk\cpp\V5\V5_20240802_15_00_00/vexv5\libv5rt.a(v5_apiuser.c.obj)
                0x038044d8                vexMotorReverseFlagSet
 .text.vexMotorEncoderUnitsSet
                0x038044f8       0x20 c:\Users\emmag\AppData\Roaming\Code\User\globalStorage\vexrobotics.vexcode\sdk\cpp\V5\V5_20240802_15_00_00/vexv5\libv5rt.a(v5_apiuser.c.obj)
                0x038044f8                vexMotorEncoderUnitsSet
 .text.vexMotorBrakeModeSet
                0x03804518       0x20 c:\Users\emmag\AppData\Roaming\Code\User\globalStorage\vexrobotics.vexcode\sdk\cpp\V5\V5_20240802_15_00_00/vexv5\libv5rt.a(v5_apiuser.c.obj)
                0x03804518                vexMotorBrakeModeSet
 .text.vexMotorPositionSet
                0x03804538       0x28 c:\Users\emmag\AppData\Roaming\Code\User\globalStorage\vexrobotics.vexcode\sdk\cpp\V5\V5_20240802_15_00_00/vexv5\libv5rt.a(v5_apiuser.c.obj)
                0x03804538                vexMotorPositionSet
 .text.vexMotorAbsoluteTargetSet
                0x03804560       0x30 c:\Users\emmag\AppData\Roaming\Code\User\globalStorage\vexrobotics.vexcode\sdk\cpp\V5\V5_20240802_15_00_00/vexv5\libv5rt.a(v5_apiuser.c.obj)
                0x03804560                vexMotorAbsoluteTargetSet
 .text.vexMotorRelativeTargetSet
                0x03804590       0x30 c:\Users\emmag\AppData\Roaming\Code\User\globalStorage\vexrobotics.vexcode\sdk\cpp\V5\V5_20240802_15_00_00/vexv5\libv5rt.a(v5_apiuser.c.obj)
                0x03804590                vexMotorRelativeTargetSet
 .text.vexMotorGearingSet
                0x038045c0       0x20 c:\Users\emmag\AppData\Roaming\Code\User\globalStorage\vexrobotics.vexcode\sdk\cpp\V5\V5_20240802_15_00_00/vexv5\libv5rt.a(v5_apiuser.c.obj)
                0x038045c0                vexMotorGearingSet
 .text.vexMotorGearingGet
                0x038045e0       0x18 c:\Users\emmag\AppData\Roaming\Code\User\globalStorage\vexrobotics.vexcode\sdk\cpp\V5\V5_20240802_15_00_00/vexv5\libv5rt.a(v5_apiuser.c.obj)
                0x038045e0                vexMotorGearingGet
 .text.vexImuReset
                0x038045f8       0x10 c:\Users\emmag\AppData\Roaming\Code\User\globalStorage\vexrobotics.vexcode\sdk\cpp\V5\V5_20240802_15_00_00/vexv5\libv5rt.a(v5_apiuser.c.obj)
                0x038045f8                vexImuReset
 .text.vexImuHeadingGet
                0x03804608       0x10 c:\Users\emmag\AppData\Roaming\Code\User\globalStorage\vexrobotics.vexcode\sdk\cpp\V5\V5_20240802_15_00_00/vexv5\libv5rt.a(v5_apiuser.c.obj)
                0x03804608                vexImuHeadingGet
 .text.vexImuDegreesGet
                0x03804618       0x10 c:\Users\emmag\AppData\Roaming\Code\User\globalStorage\vexrobotics.vexcode\sdk\cpp\V5\V5_20240802_15_00_00/vexv5\libv5rt.a(v5_apiuser.c.obj)
                0x03804618                vexImuDegreesGet
 .text.vexImuStatusGet
                0x03804628       0x10 c:\Users\emmag\AppData\Roaming\Code\User\globalStorage\vexrobotics.vexcode\sdk\cpp\V5\V5_20240802_15_00_00/vexv5\libv5rt.a(v5_apiuser.c.obj)
                0x03804628                vexImuStatusGet
 .text.vexEventMaskSet
                0x03804638       0x28 c:\Users\emmag\AppData\Roaming\Code\User\globalStorage\vexrobotics.vexcode\sdk\cpp\V5\V5_20240802_15_00_00/vexv5\libv5rt.a(v5_apiuser.c.obj)
                0x03804638                vexEventMaskSet
 .text.vexEventMaskGet
                0x03804660       0x18 c:\Users\emmag\AppData\Roaming\Code\User\globalStorage\vexrobotics.vexcode\sdk\cpp\V5\V5_20240802_15_00_00/vexv5\libv5rt.a(v5_apiuser.c.obj)
                0x03804660                vexEventMaskGet
 .text._ZN3vex6deviceD2Ev
                0x03804678        0x4 c:\Users\emmag\AppData\Roaming\Code\User\globalStorage\vexrobotics.vexcode\sdk\cpp\V5\V5_20240802_15_00_00/vexv5\libv5rt.a(vex_device.cpp.obj)
                0x03804678                vex::device::~device()
                0x03804678                vex::device::~device()
 .text._ZN3vex6device5valueEv
                0x0380467c        0x8 c:\Users\emmag\AppData\Roaming\Code\User\globalStorage\vexrobotics.vexcode\sdk\cpp\V5\V5_20240802_15_00_00/vexv5\libv5rt.a(vex_device.cpp.obj)
                0x0380467c                vex::device::value()
 .text._ZN3vex6deviceD0Ev
                0x03804684       0x14 c:\Users\emmag\AppData\Roaming\Code\User\globalStorage\vexrobotics.vexcode\sdk\cpp\V5\V5_20240802_15_00_00/vexv5\libv5rt.a(vex_device.cpp.obj)
                0x03804684                vex::device::~device()
 .text._ZN3vex6device4initEl
                0x03804698       0x30 c:\Users\emmag\AppData\Roaming\Code\User\globalStorage\vexrobotics.vexcode\sdk\cpp\V5\V5_20240802_15_00_00/vexv5\libv5rt.a(vex_device.cpp.obj)
                0x03804698                vex::device::init(long)
 .text._ZN3vex6deviceC2El
                0x038046c8       0x20 c:\Users\emmag\AppData\Roaming\Code\User\globalStorage\vexrobotics.vexcode\sdk\cpp\V5\V5_20240802_15_00_00/vexv5\libv5rt.a(vex_device.cpp.obj)
                0x038046c8                vex::device::device(long)
                0x038046c8                vex::device::device(long)
 .text._ZN3vex6device4typeEv
                0x038046e8       0x10 c:\Users\emmag\AppData\Roaming\Code\User\globalStorage\vexrobotics.vexcode\sdk\cpp\V5\V5_20240802_15_00_00/vexv5\libv5rt.a(vex_device.cpp.obj)
                0x038046e8                vex::device::type()
 .text._ZN3vex6device9installedEv
                0x038046f8       0x14 c:\Users\emmag\AppData\Roaming\Code\User\globalStorage\vexrobotics.vexcode\sdk\cpp\V5\V5_20240802_15_00_00/vexv5\libv5rt.a(vex_device.cpp.obj)
                0x038046f8                vex::device::installed()
 .text._ZN3vex4taskC2EPFivE
                0x0380470c       0x5c c:\Users\emmag\AppData\Roaming\Code\User\globalStorage\vexrobotics.vexcode\sdk\cpp\V5\V5_20240802_15_00_00/vexv5\libv5rt.a(vex_task.cpp.obj)
                0x0380470c                vex::task::task(int (*)())
                0x0380470c                vex::task::task(int (*)())
 .text._ZN3vex4taskD2Ev
                0x03804768        0x4 c:\Users\emmag\AppData\Roaming\Code\User\globalStorage\vexrobotics.vexcode\sdk\cpp\V5\V5_20240802_15_00_00/vexv5\libv5rt.a(vex_task.cpp.obj)
                0x03804768                vex::task::~task()
                0x03804768                vex::task::~task()
 .text._ZN3vex4task4stopEPvi
                0x0380476c       0x1c c:\Users\emmag\AppData\Roaming\Code\User\globalStorage\vexrobotics.vexcode\sdk\cpp\V5\V5_20240802_15_00_00/vexv5\libv5rt.a(vex_task.cpp.obj)
                0x0380476c                vex::task::stop(void*, int)
 .text._ZN3vex4task5sleepEm
                0x03804788        0x4 c:\Users\emmag\AppData\Roaming\Code\User\globalStorage\vexrobotics.vexcode\sdk\cpp\V5\V5_20240802_15_00_00/vexv5\libv5rt.a(vex_task.cpp.obj)
                0x03804788                vex::task::sleep(unsigned long)
 .text._ZN3vex4task5yieldEv
                0x0380478c        0x4 c:\Users\emmag\AppData\Roaming\Code\User\globalStorage\vexrobotics.vexcode\sdk\cpp\V5\V5_20240802_15_00_00/vexv5\libv5rt.a(vex_task.cpp.obj)
                0x0380478c                vex::task::yield()
 .text._ZN3vex4task6_indexEPFivE
                0x03804790       0x14 c:\Users\emmag\AppData\Roaming\Code\User\globalStorage\vexrobotics.vexcode\sdk\cpp\V5\V5_20240802_15_00_00/vexv5\libv5rt.a(vex_task.cpp.obj)
                0x03804790                vex::task::_index(int (*)())
 .text._ZN3vex4task8_stopAllEv
                0x038047a4       0x3c c:\Users\emmag\AppData\Roaming\Code\User\globalStorage\vexrobotics.vexcode\sdk\cpp\V5\V5_20240802_15_00_00/vexv5\libv5rt.a(vex_task.cpp.obj)
                0x038047a4                vex::task::_stopAll()
 .text.__libc_fini_array
                0x038047e0       0x30 c:\Users\emmag\AppData\Roaming\Code\User\globalStorage\vexrobotics.vexcode\sdk\cpp\V5\V5_20240802_15_00_00/vexv5/gcc/libs\libc.a(lib_a-fini.o)
                0x038047e0                __libc_fini_array
 .text.__libc_init_array
                0x03804810       0x58 c:\Users\emmag\AppData\Roaming\Code\User\globalStorage\vexrobotics.vexcode\sdk\cpp\V5\V5_20240802_15_00_00/vexv5/gcc/libs\libc.a(lib_a-init.o)
                0x03804810                __libc_init_array
 .text.__libc_init_array.__stub
                0x03804868       0x18 linker stubs
 *(.gnu.linkonce.t.*)
 *(.plt)
 *(.gnu_warning)
 *(.gcc_except_table)
 *(.glue_7)
 .glue_7        0x00000000        0x0 linker stubs
 *(.glue_7t)
 .glue_7t       0x00000000        0x0 linker stubs
 *(.vfp11_veneer)
 .vfp11_veneer  0x00000000        0x0 linker stubs
 *(.ARM.extab)
 *(.gnu.linkonce.armextab.*)

.v4_bx          0x03804880        0x0
 .v4_bx         0x00000000        0x0 linker stubs

.iplt           0x03804880        0x0
 .iplt          0x00000000        0x0 build/src/Skills.o

.init
 *(.init)

.fini
 *(.fini)

.rodata         0x03804880      0x280
                0x03804880                __rodata_start = .
 *(.rodata)
 *(.rodata.*)
 .rodata.str1.1
                0x03804880       0x34 build/src/Skills.o
 .rodata.str1.1
                0x038048b4       0x2e c:\Users\emmag\AppData\Roaming\Code\User\globalStorage\vexrobotics.vexcode\sdk\cpp\V5\V5_20240802_15_00_00/vexv5\libv5rt.a(v5_startup.c.obj)
 *fill*         0x038048e2        0x2 
 .rodata._ZN3vex5PORT3E
                0x038048e4        0x4 c:\Users\emmag\AppData\Roaming\Code\User\globalStorage\vexrobotics.vexcode\sdk\cpp\V5\V5_20240802_15_00_00/vexv5\libv5rt.a(vex_global.cpp.obj)
                0x038048e4                vex::PORT3
 .rodata._ZN3vex5PORT1E
                0x038048e8        0x4 c:\Users\emmag\AppData\Roaming\Code\User\globalStorage\vexrobotics.vexcode\sdk\cpp\V5\V5_20240802_15_00_00/vexv5\libv5rt.a(vex_global.cpp.obj)
                0x038048e8                vex::PORT1
 .rodata._ZN3vex7reverseE
                0x038048ec        0x4 c:\Users\emmag\AppData\Roaming\Code\User\globalStorage\vexrobotics.vexcode\sdk\cpp\V5\V5_20240802_15_00_00/vexv5\libv5rt.a(vex_global.cpp.obj)
                0x038048ec                vex::reverse
 .rodata._ZN3vex6PORT10E
                0x038048f0        0x4 c:\Users\emmag\AppData\Roaming\Code\User\globalStorage\vexrobotics.vexcode\sdk\cpp\V5\V5_20240802_15_00_00/vexv5\libv5rt.a(vex_global.cpp.obj)
                0x038048f0                vex::PORT10
 .rodata._ZN3vex7forwardE
                0x038048f4        0x4 c:\Users\emmag\AppData\Roaming\Code\User\globalStorage\vexrobotics.vexcode\sdk\cpp\V5\V5_20240802_15_00_00/vexv5\libv5rt.a(vex_global.cpp.obj)
                0x038048f4                vex::forward
 .rodata._ZN3vex3secE
                0x038048f8        0x4 c:\Users\emmag\AppData\Roaming\Code\User\globalStorage\vexrobotics.vexcode\sdk\cpp\V5\V5_20240802_15_00_00/vexv5\libv5rt.a(vex_global.cpp.obj)
                0x038048f8                vex::sec
 .rodata._ZN3vex4msecE
                0x038048fc        0x4 c:\Users\emmag\AppData\Roaming\Code\User\globalStorage\vexrobotics.vexcode\sdk\cpp\V5\V5_20240802_15_00_00/vexv5\libv5rt.a(vex_global.cpp.obj)
                0x038048fc                vex::msec
 .rodata._ZN3vex6PORT18E
                0x03804900        0x4 c:\Users\emmag\AppData\Roaming\Code\User\globalStorage\vexrobotics.vexcode\sdk\cpp\V5\V5_20240802_15_00_00/vexv5\libv5rt.a(vex_global.cpp.obj)
                0x03804900                vex::PORT18
 .rodata._ZN3vex6PORT21E
                0x03804904        0x4 c:\Users\emmag\AppData\Roaming\Code\User\globalStorage\vexrobotics.vexcode\sdk\cpp\V5\V5_20240802_15_00_00/vexv5\libv5rt.a(vex_global.cpp.obj)
                0x03804904                vex::PORT21
 .rodata._ZN3vex5PORT2E
                0x03804908        0x4 c:\Users\emmag\AppData\Roaming\Code\User\globalStorage\vexrobotics.vexcode\sdk\cpp\V5\V5_20240802_15_00_00/vexv5\libv5rt.a(vex_global.cpp.obj)
                0x03804908                vex::PORT2
 .rodata._ZN3vex7primaryE
                0x0380490c        0x4 c:\Users\emmag\AppData\Roaming\Code\User\globalStorage\vexrobotics.vexcode\sdk\cpp\V5\V5_20240802_15_00_00/vexv5\libv5rt.a(vex_global.cpp.obj)
                0x0380490c                vex::primary
 .rodata._ZN3vex7percentE
                0x03804910        0x4 c:\Users\emmag\AppData\Roaming\Code\User\globalStorage\vexrobotics.vexcode\sdk\cpp\V5\V5_20240802_15_00_00/vexv5\libv5rt.a(vex_global.cpp.obj)
                0x03804910                vex::percent
 .rodata._ZN3vex6PORT19E
                0x03804914        0x4 c:\Users\emmag\AppData\Roaming\Code\User\globalStorage\vexrobotics.vexcode\sdk\cpp\V5\V5_20240802_15_00_00/vexv5\libv5rt.a(vex_global.cpp.obj)
                0x03804914                vex::PORT19
 .rodata._ZN3vex7degreesE
                0x03804918        0x4 c:\Users\emmag\AppData\Roaming\Code\User\globalStorage\vexrobotics.vexcode\sdk\cpp\V5\V5_20240802_15_00_00/vexv5\libv5rt.a(vex_global.cpp.obj)
                0x03804918                vex::degrees
 .rodata._ZN3vex6PORT22E
                0x0380491c        0x4 c:\Users\emmag\AppData\Roaming\Code\User\globalStorage\vexrobotics.vexcode\sdk\cpp\V5\V5_20240802_15_00_00/vexv5\libv5rt.a(vex_global.cpp.obj)
                0x0380491c                vex::PORT22
 .rodata._ZN3vex6PORT12E
                0x03804920        0x4 c:\Users\emmag\AppData\Roaming\Code\User\globalStorage\vexrobotics.vexcode\sdk\cpp\V5\V5_20240802_15_00_00/vexv5\libv5rt.a(vex_global.cpp.obj)
                0x03804920                vex::PORT12
 .rodata._ZN3vex8ratio6_1E
                0x03804924        0x4 c:\Users\emmag\AppData\Roaming\Code\User\globalStorage\vexrobotics.vexcode\sdk\cpp\V5\V5_20240802_15_00_00/vexv5\libv5rt.a(vex_global.cpp.obj)
                0x03804924                vex::ratio6_1
 .rodata._ZN3vex2mmE
                0x03804928        0x4 c:\Users\emmag\AppData\Roaming\Code\User\globalStorage\vexrobotics.vexcode\sdk\cpp\V5\V5_20240802_15_00_00/vexv5\libv5rt.a(vex_global.cpp.obj)
                0x03804928                vex::mm
 .rodata._ZN3vex9ratio18_1E
                0x0380492c        0x4 c:\Users\emmag\AppData\Roaming\Code\User\globalStorage\vexrobotics.vexcode\sdk\cpp\V5\V5_20240802_15_00_00/vexv5\libv5rt.a(vex_global.cpp.obj)
                0x0380492c                vex::ratio18_1
 .rodata._ZN3vex6inchesE
                0x03804930        0x4 c:\Users\emmag\AppData\Roaming\Code\User\globalStorage\vexrobotics.vexcode\sdk\cpp\V5\V5_20240802_15_00_00/vexv5\libv5rt.a(vex_global.cpp.obj)
                0x03804930                vex::inches
 .rodata._ZN3vex7secondsE
                0x03804934        0x4 c:\Users\emmag\AppData\Roaming\Code\User\globalStorage\vexrobotics.vexcode\sdk\cpp\V5\V5_20240802_15_00_00/vexv5\libv5rt.a(vex_global.cpp.obj)
                0x03804934                vex::seconds
 .rodata._ZTVN3vex5motorE
                0x03804938       0x18 c:\Users\emmag\AppData\Roaming\Code\User\globalStorage\vexrobotics.vexcode\sdk\cpp\V5\V5_20240802_15_00_00/vexv5\libv5rt.a(vex_motor.cpp.obj)
                0x03804938                vtable for vex::motor
 .rodata._ZTVN3vex8inertialE
                0x03804950       0x68 c:\Users\emmag\AppData\Roaming\Code\User\globalStorage\vexrobotics.vexcode\sdk\cpp\V5\V5_20240802_15_00_00/vexv5\libv5rt.a(vex_imu.cpp.obj)
                0x03804950                vtable for vex::inertial
 .rodata.str1.1
                0x038049b8       0x1f c:\Users\emmag\AppData\Roaming\Code\User\globalStorage\vexrobotics.vexcode\sdk\cpp\V5\V5_20240802_15_00_00/vexv5\libv5rt.a(vex_controller.cpp.obj)
                                 0x20 (size before relaxing)
 .rodata.CSWTCH.16
                0x038049d7        0xb c:\Users\emmag\AppData\Roaming\Code\User\globalStorage\vexrobotics.vexcode\sdk\cpp\V5\V5_20240802_15_00_00/vexv5\libv5rt.a(vex_controller.cpp.obj)
 .rodata.CSWTCH.18
                0x038049e2        0xb c:\Users\emmag\AppData\Roaming\Code\User\globalStorage\vexrobotics.vexcode\sdk\cpp\V5\V5_20240802_15_00_00/vexv5\libv5rt.a(vex_controller.cpp.obj)
 .rodata.CSWTCH.24